Archive member included to satisfy reference by file (symbol)

G:/DEV/STM32/LaserTest/compiledVL53/libvl53l0x.a(vl53l0xHandlerClass.o)
                              ./Core/Src/main.o (VL53L0X_InitHandlerClass)
G:/DEV/STM32/LaserTest/compiledVL53/libvl53l0x.a(vl53l0x_api.o)
                              G:/DEV/STM32/LaserTest/compiledVL53/libvl53l0x.a(vl53l0xHandlerClass.o) (VL53L0X_SetDeviceAddress)
G:/DEV/STM32/LaserTest/compiledVL53/libvl53l0x.a(vl53l0x_api_calibration.o)
                              G:/DEV/STM32/LaserTest/compiledVL53/libvl53l0x.a(vl53l0x_api.o) (VL53L0X_perform_xtalk_calibration)
G:/DEV/STM32/LaserTest/compiledVL53/libvl53l0x.a(vl53l0x_api_core.o)
                              G:/DEV/STM32/LaserTest/compiledVL53/libvl53l0x.a(vl53l0x_api.o) (VL53L0X_measurement_poll_for_completion)
G:/DEV/STM32/LaserTest/compiledVL53/libvl53l0x.a(vl53l0x_api_strings.o)
                              G:/DEV/STM32/LaserTest/compiledVL53/libvl53l0x.a(vl53l0x_api.o) (VL53L0X_get_device_info)
G:/DEV/STM32/LaserTest/compiledVL53/libvl53l0x.a(vl53l0x_platform.o)
                              G:/DEV/STM32/LaserTest/compiledVL53/libvl53l0x.a(vl53l0x_api_calibration.o) (VL53L0X_WriteMulti)
G:/DEV/STM32/LaserTest/compiledVL53/libvl53l0x.a(vl53l0x.o)
                              G:/DEV/STM32/LaserTest/compiledVL53/libvl53l0x.a(vl53l0xHandlerClass.o) (VL53L0X_MeasureSingle)
G:/DEV/STM32/LaserTest/compiledVL53/libvl53l0x.a(vl53l0x_i2c_platform.o)
                              G:/DEV/STM32/LaserTest/compiledVL53/libvl53l0x.a(vl53l0x.o) (VL53L0X_comms_initialise)
C:/ST/STM32CubeIDE_1.14.1/STM32CubeIDE/plugins/com.st.stm32cube.ide.mcu.externaltools.gnu-tools-for-stm32.11.3.rel1.win32_1.1.100.202309141235/tools/bin/../lib/gcc/arm-none-eabi/11.3.1/../../../../arm-none-eabi/lib/thumb/v7e-m+fp/hard\libc_nano.a(libc_a-calloc.o)
                              G:/DEV/STM32/LaserTest/compiledVL53/libvl53l0x.a(vl53l0xHandlerClass.o) (calloc)
C:/ST/STM32CubeIDE_1.14.1/STM32CubeIDE/plugins/com.st.stm32cube.ide.mcu.externaltools.gnu-tools-for-stm32.11.3.rel1.win32_1.1.100.202309141235/tools/bin/../lib/gcc/arm-none-eabi/11.3.1/../../../../arm-none-eabi/lib/thumb/v7e-m+fp/hard\libc_nano.a(libc_a-callocr.o)
                              C:/ST/STM32CubeIDE_1.14.1/STM32CubeIDE/plugins/com.st.stm32cube.ide.mcu.externaltools.gnu-tools-for-stm32.11.3.rel1.win32_1.1.100.202309141235/tools/bin/../lib/gcc/arm-none-eabi/11.3.1/../../../../arm-none-eabi/lib/thumb/v7e-m+fp/hard\libc_nano.a(libc_a-calloc.o) (_calloc_r)
C:/ST/STM32CubeIDE_1.14.1/STM32CubeIDE/plugins/com.st.stm32cube.ide.mcu.externaltools.gnu-tools-for-stm32.11.3.rel1.win32_1.1.100.202309141235/tools/bin/../lib/gcc/arm-none-eabi/11.3.1/../../../../arm-none-eabi/lib/thumb/v7e-m+fp/hard\libc_nano.a(libc_a-exit.o)
                              C:/ST/STM32CubeIDE_1.14.1/STM32CubeIDE/plugins/com.st.stm32cube.ide.mcu.externaltools.gnu-tools-for-stm32.11.3.rel1.win32_1.1.100.202309141235/tools/bin/../lib/gcc/arm-none-eabi/11.3.1/../../../../arm-none-eabi/lib/thumb/v7e-m+fp/hard/crt0.o (exit)
C:/ST/STM32CubeIDE_1.14.1/STM32CubeIDE/plugins/com.st.stm32cube.ide.mcu.externaltools.gnu-tools-for-stm32.11.3.rel1.win32_1.1.100.202309141235/tools/bin/../lib/gcc/arm-none-eabi/11.3.1/../../../../arm-none-eabi/lib/thumb/v7e-m+fp/hard\libc_nano.a(libc_a-mallocr.o)
                              C:/ST/STM32CubeIDE_1.14.1/STM32CubeIDE/plugins/com.st.stm32cube.ide.mcu.externaltools.gnu-tools-for-stm32.11.3.rel1.win32_1.1.100.202309141235/tools/bin/../lib/gcc/arm-none-eabi/11.3.1/../../../../arm-none-eabi/lib/thumb/v7e-m+fp/hard\libc_nano.a(libc_a-callocr.o) (_malloc_r)
C:/ST/STM32CubeIDE_1.14.1/STM32CubeIDE/plugins/com.st.stm32cube.ide.mcu.externaltools.gnu-tools-for-stm32.11.3.rel1.win32_1.1.100.202309141235/tools/bin/../lib/gcc/arm-none-eabi/11.3.1/../../../../arm-none-eabi/lib/thumb/v7e-m+fp/hard\libc_nano.a(libc_a-mlock.o)
                              C:/ST/STM32CubeIDE_1.14.1/STM32CubeIDE/plugins/com.st.stm32cube.ide.mcu.externaltools.gnu-tools-for-stm32.11.3.rel1.win32_1.1.100.202309141235/tools/bin/../lib/gcc/arm-none-eabi/11.3.1/../../../../arm-none-eabi/lib/thumb/v7e-m+fp/hard\libc_nano.a(libc_a-mallocr.o) (__malloc_lock)
C:/ST/STM32CubeIDE_1.14.1/STM32CubeIDE/plugins/com.st.stm32cube.ide.mcu.externaltools.gnu-tools-for-stm32.11.3.rel1.win32_1.1.100.202309141235/tools/bin/../lib/gcc/arm-none-eabi/11.3.1/../../../../arm-none-eabi/lib/thumb/v7e-m+fp/hard\libc_nano.a(libc_a-findfp.o)
                              C:/ST/STM32CubeIDE_1.14.1/STM32CubeIDE/plugins/com.st.stm32cube.ide.mcu.externaltools.gnu-tools-for-stm32.11.3.rel1.win32_1.1.100.202309141235/tools/bin/../lib/gcc/arm-none-eabi/11.3.1/../../../../arm-none-eabi/lib/thumb/v7e-m+fp/hard\libc_nano.a(libc_a-exit.o) (__stdio_exit_handler)
[...]
Memory Configuration

Name             Origin             Length             Attributes
CCMRAM           0x0000000010000000 0x0000000000010000 xrw
RAM              0x0000000020000000 0x0000000000030000 xrw
FLASH            0x0000000008000000 0x0000000000200000 xr
*default*        0x0000000000000000 0xffffffffffffffff

Linker script and memory map

LOAD C:/ST/STM32CubeIDE_1.14.1/STM32CubeIDE/plugins/com.st.stm32cube.ide.mcu.externaltools.gnu-tools-for-stm32.11.3.rel1.win32_1.1.100.202309141235/tools/bin/../lib/gcc/arm-none-eabi/11.3.1/thumb/v7e-m+fp/hard/crti.o
LOAD C:/ST/STM32CubeIDE_1.14.1/STM32CubeIDE/plugins/com.st.stm32cube.ide.mcu.externaltools.gnu-tools-for-stm32.11.3.rel1.win32_1.1.100.202309141235/tools/bin/../lib/gcc/arm-none-eabi/11.3.1/thumb/v7e-m+fp/hard/crtbegin.o
LOAD C:/ST/STM32CubeIDE_1.14.1/STM32CubeIDE/plugins/com.st.stm32cube.ide.mcu.externaltools.gnu-tools-for-stm32.11.3.rel1.win32_1.1.100.202309141235/tools/bin/../lib/gcc/arm-none-eabi/11.3.1/../../../../arm-none-eabi/lib/thumb/v7e-m+fp/hard/crt0.o
LOAD ./Core/Src/gpio.o
LOAD ./Core/Src/i2c.o
LOAD ./Core/Src/main.o
LOAD ./Core/Src/stm32f4xx_hal_msp.o
LOAD ./Core/Src/stm32f4xx_hal_timebase_tim.o
LOAD ./Core/Src/stm32f4xx_it.o
LOAD ./Core/Src/syscalls.o
LOAD ./Core/Src/sysmem.o
LOAD ./Core/Src/system_stm32f4xx.o
LOAD ./Core/Startup/startup_stm32f429zitx.o
LOAD ./Drivers/STM32F4xx_HAL_Driver/Src/stm32f4xx_hal.o
LOAD ./Drivers/STM32F4xx_HAL_Driver/Src/stm32f4xx_hal_cortex.o
LOAD ./Drivers/STM32F4xx_HAL_Driver/Src/stm32f4xx_hal_dma.o
LOAD ./Drivers/STM32F4xx_HAL_Driver/Src/stm32f4xx_hal_dma_ex.o
LOAD ./Drivers/STM32F4xx_HAL_Driver/Src/stm32f4xx_hal_exti.o
LOAD ./Drivers/STM32F4xx_HAL_Driver/Src/stm32f4xx_hal_flash.o
LOAD ./Drivers/STM32F4xx_HAL_Driver/Src/stm32f4xx_hal_flash_ex.o
LOAD ./Drivers/STM32F4xx_HAL_Driver/Src/stm32f4xx_hal_flash_ramfunc.o
LOAD ./Drivers/STM32F4xx_HAL_Driver/Src/stm32f4xx_hal_gpio.o
LOAD ./Drivers/STM32F4xx_HAL_Driver/Src/stm32f4xx_hal_i2c.o
LOAD ./Drivers/STM32F4xx_HAL_Driver/Src/stm32f4xx_hal_i2c_ex.o
LOAD ./Drivers/STM32F4xx_HAL_Driver/Src/stm32f4xx_hal_pwr.o
LOAD ./Drivers/STM32F4xx_HAL_Driver/Src/stm32f4xx_hal_pwr_ex.o
LOAD ./Drivers/STM32F4xx_HAL_Driver/Src/stm32f4xx_hal_rcc.o
LOAD ./Drivers/STM32F4xx_HAL_Driver/Src/stm32f4xx_hal_rcc_ex.o
LOAD ./Drivers/STM32F4xx_HAL_Driver/Src/stm32f4xx_hal_tim.o
LOAD ./Drivers/STM32F4xx_HAL_Driver/Src/stm32f4xx_hal_tim_ex.o
LOAD G:/DEV/STM32/LaserTest/compiledVL53/libvl53l0x.a
START GROUP
LOAD C:/ST/STM32CubeIDE_1.14.1/STM32CubeIDE/plugins/com.st.stm32cube.ide.mcu.externaltools.gnu-tools-for-stm32.11.3.rel1.win32_1.1.100.202309141235/tools/bin/../lib/gcc/arm-none-eabi/11.3.1/../../../../arm-none-eabi/lib/thumb/v7e-m+fp/hard\libc_nano.a
LOAD C:/ST/STM32CubeIDE_1.14.1/STM32CubeIDE/plugins/com.st.stm32cube.ide.mcu.externaltools.gnu-tools-for-stm32.11.3.rel1.win32_1.1.100.202309141235/tools/bin/../lib/gcc/arm-none-eabi/11.3.1/../../../../arm-none-eabi/lib/thumb/v7e-m+fp/hard\libm.a
END GROUP
START GROUP
LOAD C:/ST/STM32CubeIDE_1.14.1/STM32CubeIDE/plugins/com.st.stm32cube.ide.mcu.externaltools.gnu-tools-for-stm32.11.3.rel1.win32_1.1.100.202309141235/tools/bin/../lib/gcc/arm-none-eabi/11.3.1/thumb/v7e-m+fp/hard\libgcc.a
LOAD C:/ST/STM32CubeIDE_1.14.1/STM32CubeIDE/plugins/com.st.stm32cube.ide.mcu.externaltools.gnu-tools-for-stm32.11.3.rel1.win32_1.1.100.202309141235/tools/bin/../lib/gcc/arm-none-eabi/11.3.1/../../../../arm-none-eabi/lib/thumb/v7e-m+fp/hard\libg_nano.a
LOAD C:/ST/STM32CubeIDE_1.14.1/STM32CubeIDE/plugins/com.st.stm32cube.ide.mcu.externaltools.gnu-tools-for-stm32.11.3.rel1.win32_1.1.100.202309141235/tools/bin/../lib/gcc/arm-none-eabi/11.3.1/../../../../arm-none-eabi/lib/thumb/v7e-m+fp/hard\libc_nano.a
END GROUP
START GROUP
LOAD C:/ST/STM32CubeIDE_1.14.1/STM32CubeIDE/plugins/com.st.stm32cube.ide.mcu.externaltools.gnu-tools-for-stm32.11.3.rel1.win32_1.1.100.202309141235/tools/bin/../lib/gcc/arm-none-eabi/11.3.1/thumb/v7e-m+fp/hard\libgcc.a
LOAD C:/ST/STM32CubeIDE_1.14.1/STM32CubeIDE/plugins/com.st.stm32cube.ide.mcu.externaltools.gnu-tools-for-stm32.11.3.rel1.win32_1.1.100.202309141235/tools/bin/../lib/gcc/arm-none-eabi/11.3.1/../../../../arm-none-eabi/lib/thumb/v7e-m+fp/hard\libc_nano.a
LOAD C:/ST/STM32CubeIDE_1.14.1/STM32CubeIDE/plugins/com.st.stm32cube.ide.mcu.externaltools.gnu-tools-for-stm32.11.3.rel1.win32_1.1.100.202309141235/tools/bin/../lib/gcc/arm-none-eabi/11.3.1/../../../../arm-none-eabi/lib/thumb/v7e-m+fp/hard\libnosys.a
END GROUP
START GROUP
LOAD C:/ST/STM32CubeIDE_1.14.1/STM32CubeIDE/plugins/com.st.stm32cube.ide.mcu.externaltools.gnu-tools-for-stm32.11.3.rel1.win32_1.1.100.202309141235/tools/bin/../lib/gcc/arm-none-eabi/11.3.1/thumb/v7e-m+fp/hard\libgcc.a
LOAD C:/ST/STM32CubeIDE_1.14.1/STM32CubeIDE/plugins/com.st.stm32cube.ide.mcu.externaltools.gnu-tools-for-stm32.11.3.rel1.win32_1.1.100.202309141235/tools/bin/../lib/gcc/arm-none-eabi/11.3.1/../../../../arm-none-eabi/lib/thumb/v7e-m+fp/hard\libc_nano.a
LOAD C:/ST/STM32CubeIDE_1.14.1/STM32CubeIDE/plugins/com.st.stm32cube.ide.mcu.externaltools.gnu-tools-for-stm32.11.3.rel1.win32_1.1.100.202309141235/tools/bin/../lib/gcc/arm-none-eabi/11.3.1/../../../../arm-none-eabi/lib/thumb/v7e-m+fp/hard\libnosys.a
END GROUP
LOAD C:/ST/STM32CubeIDE_1.14.1/STM32CubeIDE/plugins/com.st.stm32cube.ide.mcu.externaltools.gnu-tools-for-stm32.11.3.rel1.win32_1.1.100.202309141235/tools/bin/../lib/gcc/arm-none-eabi/11.3.1/thumb/v7e-m+fp/hard/crtend.o
LOAD C:/ST/STM32CubeIDE_1.14.1/STM32CubeIDE/plugins/com.st.stm32cube.ide.mcu.externaltools.gnu-tools-for-stm32.11.3.rel1.win32_1.1.100.202309141235/tools/bin/../lib/gcc/arm-none-eabi/11.3.1/thumb/v7e-m+fp/hard/crtn.o
                0x0000000020030000                _estack = (ORIGIN (RAM) + LENGTH (RAM))
                0x0000000000000200                _Min_Heap_Size = 0x200
                0x0000000000000400                _Min_Stack_Size = 0x400

.isr_vector     0x0000000008000000      0x1ac
                0x0000000008000000                . = ALIGN (0x4)
 *(.isr_vector)
 .isr_vector    0x0000000008000000      0x1ac ./Core/Startup/startup_stm32f429zitx.o
                0x0000000008000000                g_pfnVectors
                0x00000000080001ac                . = ALIGN (0x4)

.text           0x00000000080001ac     0x8584
                0x00000000080001ac                . = ALIGN (0x4)
 *(.text)
 .text          0x00000000080001ac       0x40 C:/ST/STM32CubeIDE_1.14.1/STM32CubeIDE/plugins/com.st.stm32cube.ide.mcu.externaltools.gnu-tools-for-stm32.11.3.rel1.win32_1.1.100.202309141235/tools/bin/../lib/gcc/arm-none-eabi/11.3.1/thumb/v7e-m+fp/hard/crtbegin.o
 .text          0x00000000080001ec       0x30 C:/ST/STM32CubeIDE_1.14.1/STM32CubeIDE/plugins/com.st.stm32cube.ide.mcu.externaltools.gnu-tools-for-stm32.11.3.rel1.win32_1.1.100.202309141235/tools/bin/../lib/gcc/arm-none-eabi/11.3.1/thumb/v7e-m+fp/hard\libgcc.a(_aeabi_uldivmod.o)
                0x00000000080001ec                __aeabi_uldivmod
 .text          0x000000000800021c      0x2c8 C:/ST/STM32CubeIDE_1.14.1/STM32CubeIDE/plugins/com.st.stm32cube.ide.mcu.externaltools.gnu-tools-for-stm32.11.3.rel1.win32_1.1.100.202309141235/tools/bin/../lib/gcc/arm-none-eabi/11.3.1/thumb/v7e-m+fp/hard\libgcc.a(_udivmoddi4.o)
                0x000000000800021c                __udivmoddi4
 .text          0x00000000080004e4        0x4 C:/ST/STM32CubeIDE_1.14.1/STM32CubeIDE/plugins/com.st.stm32cube.ide.mcu.externaltools.gnu-tools-for-stm32.11.3.rel1.win32_1.1.100.202309141235/tools/bin/../lib/gcc/arm-none-eabi/11.3.1/thumb/v7e-m+fp/hard\libgcc.a(_dvmd_tls.o)
                0x00000000080004e4                __aeabi_idiv0
                0x00000000080004e4                __aeabi_ldiv0
 *(.text*)
 .text.MX_GPIO_Init
                0x00000000080004e8      0x4b8 ./Core/Src/gpio.o
                0x00000000080004e8                MX_GPIO_Init
 .text.MX_I2C1_Init
                0x00000000080009a0       0x80 ./Core/Src/i2c.o
                0x00000000080009a0                MX_I2C1_Init
 .text.main     0x0000000008000a20       0xbc ./Core/Src/main.o
                0x0000000008000a20                main
 .text.SystemClock_Config
                0x0000000008000adc       0xd4 ./Core/Src/main.o
                0x0000000008000adc                SystemClock_Config
 .text.HAL_TIM_PeriodElapsedCallback
                0x0000000008000bb0       0x24 ./Core/Src/main.o
                0x0000000008000bb0                HAL_TIM_PeriodElapsedCallback
 .text.Error_Handler
                0x0000000008000bd4        0xa ./Core/Src/main.o
                0x0000000008000bd4                Error_Handler
 *fill*         0x0000000008000bde        0x2 
 .text.HAL_MspInit
                0x0000000008000be0       0x50 ./Core/Src/stm32f4xx_hal_msp.o
                0x0000000008000be0                HAL_MspInit
 .text.HAL_I2C_MspInit
                0x0000000008000c30       0x90 ./Core/Src/stm32f4xx_hal_msp.o
                0x0000000008000c30                HAL_I2C_MspInit
 .text.HAL_InitTick
                0x0000000008000cc0       0xf8 ./Core/Src/stm32f4xx_hal_timebase_tim.o
                0x0000000008000cc0                HAL_InitTick
 .text.NMI_Handler
                0x0000000008000db8        0x6 ./Core/Src/stm32f4xx_it.o
                0x0000000008000db8                NMI_Handler
 .text.HardFault_Handler
                0x0000000008000dbe        0x6 ./Core/Src/stm32f4xx_it.o
                0x0000000008000dbe                HardFault_Handler
 .text.MemManage_Handler
                0x0000000008000dc4        0x6 ./Core/Src/stm32f4xx_it.o
                0x0000000008000dc4                MemManage_Handler
 .text.BusFault_Handler
                0x0000000008000dca        0x6 ./Core/Src/stm32f4xx_it.o
                0x0000000008000dca                BusFault_Handler
 .text.UsageFault_Handler
                0x0000000008000dd0        0x6 ./Core/Src/stm32f4xx_it.o
                0x0000000008000dd0                UsageFault_Handler
 .text.SVC_Handler
                0x0000000008000dd6        0xe ./Core/Src/stm32f4xx_it.o
                0x0000000008000dd6                SVC_Handler
 .text.DebugMon_Handler
                0x0000000008000de4        0xe ./Core/Src/stm32f4xx_it.o
                0x0000000008000de4                DebugMon_Handler
 .text.PendSV_Handler
                0x0000000008000df2        0xe ./Core/Src/stm32f4xx_it.o
                0x0000000008000df2                PendSV_Handler
 .text.SysTick_Handler
                0x0000000008000e00        0xe ./Core/Src/stm32f4xx_it.o
                0x0000000008000e00                SysTick_Handler
 *fill*         0x0000000008000e0e        0x2 
 .text.TIM6_DAC_IRQHandler
                0x0000000008000e10       0x14 ./Core/Src/stm32f4xx_it.o
                0x0000000008000e10                TIM6_DAC_IRQHandler
 .text._sbrk    0x0000000008000e24       0x6c ./Core/Src/sysmem.o
                0x0000000008000e24                _sbrk
 .text.SystemInit
                0x0000000008000e90       0x24 ./Core/Src/system_stm32f4xx.o
                0x0000000008000e90                SystemInit
 .text.Reset_Handler
                0x0000000008000eb4       0x50 ./Core/Startup/startup_stm32f429zitx.o
                0x0000000008000eb4                Reset_Handler
 .text.Default_Handler
                0x0000000008000f04        0x2 ./Core/Startup/startup_stm32f429zitx.o
                0x0000000008000f04                RTC_Alarm_IRQHandler
                0x0000000008000f04                HASH_RNG_IRQHandler
                0x0000000008000f04                EXTI2_IRQHandler
                0x0000000008000f04                TIM8_CC_IRQHandler
                0x0000000008000f04                UART8_IRQHandler
                0x0000000008000f04                SPI4_IRQHandler
                0x0000000008000f04                TIM1_CC_IRQHandler
                0x0000000008000f04                DMA2_Stream5_IRQHandler
                0x0000000008000f04                DMA1_Stream5_IRQHandler
                0x0000000008000f04                PVD_IRQHandler
                0x0000000008000f04                SDIO_IRQHandler
                0x0000000008000f04                TAMP_STAMP_IRQHandler
                0x0000000008000f04                CAN2_RX1_IRQHandler
                0x0000000008000f04                EXTI3_IRQHandler
                0x0000000008000f04                TIM8_TRG_COM_TIM14_IRQHandler
                0x0000000008000f04                TIM1_UP_TIM10_IRQHandler
                0x0000000008000f04                TIM8_UP_TIM13_IRQHandler
                0x0000000008000f04                I2C3_ER_IRQHandler
                0x0000000008000f04                EXTI0_IRQHandler
                0x0000000008000f04                I2C2_EV_IRQHandler
                0x0000000008000f04                DMA1_Stream2_IRQHandler
                0x0000000008000f04                CAN1_RX0_IRQHandler
                0x0000000008000f04                FPU_IRQHandler
                0x0000000008000f04                OTG_HS_WKUP_IRQHandler
                0x0000000008000f04                LTDC_ER_IRQHandler
                0x0000000008000f04                CAN2_SCE_IRQHandler
                0x0000000008000f04                DMA2_Stream2_IRQHandler
                0x0000000008000f04                SPI1_IRQHandler
                0x0000000008000f04                TIM1_BRK_TIM9_IRQHandler
                0x0000000008000f04                DCMI_IRQHandler
                0x0000000008000f04                CAN2_RX0_IRQHandler
                0x0000000008000f04                DMA2_Stream3_IRQHandler
                0x0000000008000f04                USART6_IRQHandler
                0x0000000008000f04                USART3_IRQHandler
                0x0000000008000f04                CAN1_RX1_IRQHandler
                0x0000000008000f04                UART5_IRQHandler
                0x0000000008000f04                DMA2_Stream0_IRQHandler
                0x0000000008000f04                TIM4_IRQHandler
                0x0000000008000f04                I2C1_EV_IRQHandler
                0x0000000008000f04                DMA1_Stream6_IRQHandler
                0x0000000008000f04                DMA1_Stream1_IRQHandler
                0x0000000008000f04                UART4_IRQHandler
                0x0000000008000f04                TIM3_IRQHandler
                0x0000000008000f04                RCC_IRQHandler
                0x0000000008000f04                TIM8_BRK_TIM12_IRQHandler
                0x0000000008000f04                Default_Handler
                0x0000000008000f04                EXTI15_10_IRQHandler
                0x0000000008000f04                ADC_IRQHandler
                0x0000000008000f04                DMA1_Stream7_IRQHandler
                0x0000000008000f04                SPI5_IRQHandler
                0x0000000008000f04                TIM7_IRQHandler
                0x0000000008000f04                CAN2_TX_IRQHandler
                0x0000000008000f04                TIM5_IRQHandler
                0x0000000008000f04                DMA2_Stream7_IRQHandler
                0x0000000008000f04                I2C3_EV_IRQHandler
                0x0000000008000f04                EXTI9_5_IRQHandler
                0x0000000008000f04                RTC_WKUP_IRQHandler
                0x0000000008000f04                LTDC_IRQHandler
                0x0000000008000f04                ETH_WKUP_IRQHandler
                0x0000000008000f04                SPI2_IRQHandler
                0x0000000008000f04                OTG_HS_EP1_IN_IRQHandler
                0x0000000008000f04                DMA1_Stream0_IRQHandler
                0x0000000008000f04                CAN1_TX_IRQHandler
                0x0000000008000f04                EXTI4_IRQHandler
                0x0000000008000f04                ETH_IRQHandler
                0x0000000008000f04                OTG_HS_EP1_OUT_IRQHandler
                0x0000000008000f04                WWDG_IRQHandler
                0x0000000008000f04                SPI6_IRQHandler
                0x0000000008000f04                TIM2_IRQHandler
                0x0000000008000f04                OTG_FS_WKUP_IRQHandler
                0x0000000008000f04                TIM1_TRG_COM_TIM11_IRQHandler
                0x0000000008000f04                OTG_HS_IRQHandler
                0x0000000008000f04                DMA2D_IRQHandler
                0x0000000008000f04                EXTI1_IRQHandler
                0x0000000008000f04                UART7_IRQHandler
                0x0000000008000f04                USART2_IRQHandler
                0x0000000008000f04                I2C2_ER_IRQHandler
                0x0000000008000f04                DMA2_Stream1_IRQHandler
                0x0000000008000f04                CAN1_SCE_IRQHandler
                0x0000000008000f04                FLASH_IRQHandler
                0x0000000008000f04                DMA2_Stream4_IRQHandler
                0x0000000008000f04                USART1_IRQHandler
                0x0000000008000f04                OTG_FS_IRQHandler
                0x0000000008000f04                SPI3_IRQHandler
                0x0000000008000f04                DMA1_Stream4_IRQHandler
                0x0000000008000f04                I2C1_ER_IRQHandler
                0x0000000008000f04                FMC_IRQHandler
                0x0000000008000f04                DMA2_Stream6_IRQHandler
                0x0000000008000f04                SAI1_IRQHandler
                0x0000000008000f04                DMA1_Stream3_IRQHandler
 *fill*         0x0000000008000f06        0x2 
 .text.HAL_Init
                0x0000000008000f08       0x44 ./Drivers/STM32F4xx_HAL_Driver/Src/stm32f4xx_hal.o
                0x0000000008000f08                HAL_Init
 .text.HAL_IncTick
                0x0000000008000f4c       0x28 ./Drivers/STM32F4xx_HAL_Driver/Src/stm32f4xx_hal.o
                0x0000000008000f4c                HAL_IncTick
 .text.HAL_GetTick
                0x0000000008000f74       0x18 ./Drivers/STM32F4xx_HAL_Driver/Src/stm32f4xx_hal.o
                0x0000000008000f74                HAL_GetTick
 .text.HAL_Delay
                0x0000000008000f8c       0x48 ./Drivers/STM32F4xx_HAL_Driver/Src/stm32f4xx_hal.o
                0x0000000008000f8c                HAL_Delay
 .text.__NVIC_SetPriorityGrouping
                0x0000000008000fd4       0x48 ./Drivers/STM32F4xx_HAL_Driver/Src/stm32f4xx_hal_cortex.o
 .text.__NVIC_GetPriorityGrouping
                0x000000000800101c       0x1c ./Drivers/STM32F4xx_HAL_Driver/Src/stm32f4xx_hal_cortex.o
 .text.__NVIC_EnableIRQ
                0x0000000008001038       0x3c ./Drivers/STM32F4xx_HAL_Driver/Src/stm32f4xx_hal_cortex.o
 .text.__NVIC_SetPriority
                0x0000000008001074       0x54 ./Drivers/STM32F4xx_HAL_Driver/Src/stm32f4xx_hal_cortex.o
 .text.NVIC_EncodePriority
                0x00000000080010c8       0x66 ./Drivers/STM32F4xx_HAL_Driver/Src/stm32f4xx_hal_cortex.o
 .text.HAL_NVIC_SetPriorityGrouping
                0x000000000800112e       0x16 ./Drivers/STM32F4xx_HAL_Driver/Src/stm32f4xx_hal_cortex.o
                0x000000000800112e                HAL_NVIC_SetPriorityGrouping
 .text.HAL_NVIC_SetPriority
                0x0000000008001144       0x38 ./Drivers/STM32F4xx_HAL_Driver/Src/stm32f4xx_hal_cortex.o
                0x0000000008001144                HAL_NVIC_SetPriority
 .text.HAL_NVIC_EnableIRQ
                0x000000000800117c       0x1c ./Drivers/STM32F4xx_HAL_Driver/Src/stm32f4xx_hal_cortex.o
                0x000000000800117c                HAL_NVIC_EnableIRQ
 .text.HAL_GPIO_Init
                0x0000000008001198      0x358 ./Drivers/STM32F4xx_HAL_Driver/Src/stm32f4xx_hal_gpio.o
                0x0000000008001198                HAL_GPIO_Init
 .text.HAL_GPIO_WritePin
                0x00000000080014f0       0x32 ./Drivers/STM32F4xx_HAL_Driver/Src/stm32f4xx_hal_gpio.o
                0x00000000080014f0                HAL_GPIO_WritePin
 *fill*         0x0000000008001522        0x2 
 .text.HAL_I2C_Init
                0x0000000008001524      0x288 ./Drivers/STM32F4xx_HAL_Driver/Src/stm32f4xx_hal_i2c.o
                0x0000000008001524                HAL_I2C_Init
 .text.HAL_I2C_Master_Transmit
                0x00000000080017ac      0x1fc ./Drivers/STM32F4xx_HAL_Driver/Src/stm32f4xx_hal_i2c.o
                0x00000000080017ac                HAL_I2C_Master_Transmit
 .text.HAL_I2C_Master_Receive
                0x00000000080019a8      0x464 ./Drivers/STM32F4xx_HAL_Driver/Src/stm32f4xx_hal_i2c.o
                0x00000000080019a8                HAL_I2C_Master_Receive
 .text.I2C_MasterRequestWrite
                0x0000000008001e0c      0x104 ./Drivers/STM32F4xx_HAL_Driver/Src/stm32f4xx_hal_i2c.o
 .text.I2C_MasterRequestRead
                0x0000000008001f10      0x19c ./Drivers/STM32F4xx_HAL_Driver/Src/stm32f4xx_hal_i2c.o
 .text.I2C_WaitOnFlagUntilTimeout
                0x00000000080020ac       0xf4 ./Drivers/STM32F4xx_HAL_Driver/Src/stm32f4xx_hal_i2c.o
 .text.I2C_WaitOnMasterAddressFlagUntilTimeout
                0x00000000080021a0      0x140 ./Drivers/STM32F4xx_HAL_Driver/Src/stm32f4xx_hal_i2c.o
 .text.I2C_WaitOnTXEFlagUntilTimeout
                0x00000000080022e0       0x90 ./Drivers/STM32F4xx_HAL_Driver/Src/stm32f4xx_hal_i2c.o
 .text.I2C_WaitOnBTFFlagUntilTimeout
                0x0000000008002370       0x90 ./Drivers/STM32F4xx_HAL_Driver/Src/stm32f4xx_hal_i2c.o
 .text.I2C_WaitOnRXNEFlagUntilTimeout
                0x0000000008002400       0xba ./Drivers/STM32F4xx_HAL_Driver/Src/stm32f4xx_hal_i2c.o
 .text.I2C_IsAcknowledgeFailed
                0x00000000080024ba       0x5e ./Drivers/STM32F4xx_HAL_Driver/Src/stm32f4xx_hal_i2c.o
 .text.HAL_I2CEx_ConfigAnalogFilter
                0x0000000008002518       0x78 ./Drivers/STM32F4xx_HAL_Driver/Src/stm32f4xx_hal_i2c_ex.o
                0x0000000008002518                HAL_I2CEx_ConfigAnalogFilter
 .text.HAL_I2CEx_ConfigDigitalFilter
                0x0000000008002590       0x7e ./Drivers/STM32F4xx_HAL_Driver/Src/stm32f4xx_hal_i2c_ex.o
                0x0000000008002590                HAL_I2CEx_ConfigDigitalFilter
 *fill*         0x000000000800260e        0x2 
 .text.HAL_RCC_OscConfig
                0x0000000008002610      0x4f0 ./Drivers/STM32F4xx_HAL_Driver/Src/stm32f4xx_hal_rcc.o
                0x0000000008002610                HAL_RCC_OscConfig
 .text.HAL_RCC_ClockConfig
                0x0000000008002b00      0x1cc ./Drivers/STM32F4xx_HAL_Driver/Src/stm32f4xx_hal_rcc.o
                0x0000000008002b00                HAL_RCC_ClockConfig
 .text.HAL_RCC_GetSysClockFreq
                0x0000000008002ccc      0x20c ./Drivers/STM32F4xx_HAL_Driver/Src/stm32f4xx_hal_rcc.o
                0x0000000008002ccc                HAL_RCC_GetSysClockFreq
 .text.HAL_RCC_GetHCLKFreq
                0x0000000008002ed8       0x18 ./Drivers/STM32F4xx_HAL_Driver/Src/stm32f4xx_hal_rcc.o
                0x0000000008002ed8                HAL_RCC_GetHCLKFreq
 .text.HAL_RCC_GetPCLK1Freq
                0x0000000008002ef0       0x28 ./Drivers/STM32F4xx_HAL_Driver/Src/stm32f4xx_hal_rcc.o
                0x0000000008002ef0                HAL_RCC_GetPCLK1Freq
 .text.HAL_RCC_GetClockConfig
                0x0000000008002f18       0x64 ./Drivers/STM32F4xx_HAL_Driver/Src/stm32f4xx_hal_rcc.o
                0x0000000008002f18                HAL_RCC_GetClockConfig
 .text.HAL_TIM_Base_Init
                0x0000000008002f7c       0x9e ./Drivers/STM32F4xx_HAL_Driver/Src/stm32f4xx_hal_tim.o
                0x0000000008002f7c                HAL_TIM_Base_Init
 .text.HAL_TIM_Base_MspInit
                0x000000000800301a       0x14 ./Drivers/STM32F4xx_HAL_Driver/Src/stm32f4xx_hal_tim.o
                0x000000000800301a                HAL_TIM_Base_MspInit
 *fill*         0x000000000800302e        0x2 
 .text.HAL_TIM_Base_Start_IT
                0x0000000008003030       0xe0 ./Drivers/STM32F4xx_HAL_Driver/Src/stm32f4xx_hal_tim.o
                0x0000000008003030                HAL_TIM_Base_Start_IT
 .text.HAL_TIM_IRQHandler
                0x0000000008003110      0x1e0 ./Drivers/STM32F4xx_HAL_Driver/Src/stm32f4xx_hal_tim.o
                0x0000000008003110                HAL_TIM_IRQHandler
 .text.HAL_TIM_OC_DelayElapsedCallback
                0x00000000080032f0       0x14 ./Drivers/STM32F4xx_HAL_Driver/Src/stm32f4xx_hal_tim.o
                0x00000000080032f0                HAL_TIM_OC_DelayElapsedCallback
 .text.HAL_TIM_IC_CaptureCallback
                0x0000000008003304       0x14 ./Drivers/STM32F4xx_HAL_Driver/Src/stm32f4xx_hal_tim.o
                0x0000000008003304                HAL_TIM_IC_CaptureCallback
 .text.HAL_TIM_PWM_PulseFinishedCallback
                0x0000000008003318       0x14 ./Drivers/STM32F4xx_HAL_Driver/Src/stm32f4xx_hal_tim.o
                0x0000000008003318                HAL_TIM_PWM_PulseFinishedCallback
 .text.HAL_TIM_TriggerCallback
                0x000000000800332c       0x14 ./Drivers/STM32F4xx_HAL_Driver/Src/stm32f4xx_hal_tim.o
                0x000000000800332c                HAL_TIM_TriggerCallback
 .text.TIM_Base_SetConfig
                0x0000000008003340      0x158 ./Drivers/STM32F4xx_HAL_Driver/Src/stm32f4xx_hal_tim.o
                0x0000000008003340                TIM_Base_SetConfig
 .text.HAL_TIMEx_CommutCallback
                0x0000000008003498       0x14 ./Drivers/STM32F4xx_HAL_Driver/Src/stm32f4xx_hal_tim_ex.o
                0x0000000008003498                HAL_TIMEx_CommutCallback
 .text.HAL_TIMEx_BreakCallback
                0x00000000080034ac       0x14 ./Drivers/STM32F4xx_HAL_Driver/Src/stm32f4xx_hal_tim_ex.o
                0x00000000080034ac                HAL_TIMEx_BreakCallback
 .text.VL53L0X_InitHandlerClass
                0x00000000080034c0       0x5c G:/DEV/STM32/LaserTest/compiledVL53/libvl53l0x.a(vl53l0xHandlerClass.o)
                0x00000000080034c0                VL53L0X_InitHandlerClass
 .text.VL53L0X_DefineAndPutDevice
                0x000000000800351c       0xe8 G:/DEV/STM32/LaserTest/compiledVL53/libvl53l0x.a(vl53l0xHandlerClass.o)
                0x000000000800351c                VL53L0X_DefineAndPutDevice
 .text.VL53L0X_APPStartCustomAddress
                0x0000000008003604       0x2c G:/DEV/STM32/LaserTest/compiledVL53/libvl53l0x.a(vl53l0xHandlerClass.o)
                0x0000000008003604                VL53L0X_APPStartCustomAddress
 .text.VL53L0X_ResetNodes
                0x0000000008003630       0x50 G:/DEV/STM32/LaserTest/compiledVL53/libvl53l0x.a(vl53l0xHandlerClass.o)
                0x0000000008003630                VL53L0X_ResetNodes
 .text.VL53L0X_ActiveNodeAddress
                0x0000000008003680       0xa0 G:/DEV/STM32/LaserTest/compiledVL53/libvl53l0x.a(vl53l0xHandlerClass.o)
                0x0000000008003680                VL53L0X_ActiveNodeAddress
 .text.VL53L0X_NodeMeasure
                0x0000000008003720       0x38 G:/DEV/STM32/LaserTest/compiledVL53/libvl53l0x.a(vl53l0xHandlerClass.o)
                0x0000000008003720                VL53L0X_NodeMeasure
 .text.VL53L0X_GetOffsetCalibrationDataMicroMeter
                0x0000000008003758       0x26 G:/DEV/STM32/LaserTest/compiledVL53/libvl53l0x.a(vl53l0x_api.o)
                0x0000000008003758                VL53L0X_GetOffsetCalibrationDataMicroMeter
 .text.VL53L0X_SetDeviceAddress
                0x000000000800377e       0x30 G:/DEV/STM32/LaserTest/compiledVL53/libvl53l0x.a(vl53l0x_api.o)
                0x000000000800377e                VL53L0X_SetDeviceAddress
 *fill*         0x00000000080037ae        0x2 
 .text.VL53L0X_DataInit
                0x00000000080037b0      0x2c8 G:/DEV/STM32/LaserTest/compiledVL53/libvl53l0x.a(vl53l0x_api.o)
                0x00000000080037b0                VL53L0X_DataInit
 .text.VL53L0X_StaticInit
                0x0000000008003a78      0x304 G:/DEV/STM32/LaserTest/compiledVL53/libvl53l0x.a(vl53l0x_api.o)
                0x0000000008003a78                VL53L0X_StaticInit
 .text.VL53L0X_GetDeviceParameters
                0x0000000008003d7c      0x120 G:/DEV/STM32/LaserTest/compiledVL53/libvl53l0x.a(vl53l0x_api.o)
                0x0000000008003d7c                VL53L0X_GetDeviceParameters
 .text.VL53L0X_SetDeviceMode
                0x0000000008003e9c       0x58 G:/DEV/STM32/LaserTest/compiledVL53/libvl53l0x.a(vl53l0x_api.o)
                0x0000000008003e9c                VL53L0X_SetDeviceMode
 .text.VL53L0X_GetDeviceMode
                0x0000000008003ef4       0x26 G:/DEV/STM32/LaserTest/compiledVL53/libvl53l0x.a(vl53l0x_api.o)
                0x0000000008003ef4                VL53L0X_GetDeviceMode
 .text.VL53L0X_GetFractionEnable
                0x0000000008003f1a       0x3e G:/DEV/STM32/LaserTest/compiledVL53/libvl53l0x.a(vl53l0x_api.o)
                0x0000000008003f1a                VL53L0X_GetFractionEnable
 .text.VL53L0X_SetMeasurementTimingBudgetMicroSeconds
                0x0000000008003f58       0x26 G:/DEV/STM32/LaserTest/compiledVL53/libvl53l0x.a(vl53l0x_api.o)
                0x0000000008003f58                VL53L0X_SetMeasurementTimingBudgetMicroSeconds
 .text.VL53L0X_GetMeasurementTimingBudgetMicroSeconds
                0x0000000008003f7e       0x26 G:/DEV/STM32/LaserTest/compiledVL53/libvl53l0x.a(vl53l0x_api.o)
                0x0000000008003f7e                VL53L0X_GetMeasurementTimingBudgetMicroSeconds
 .text.VL53L0X_GetVcselPulsePeriod
                0x0000000008003fa4       0x2e G:/DEV/STM32/LaserTest/compiledVL53/libvl53l0x.a(vl53l0x_api.o)
                0x0000000008003fa4                VL53L0X_GetVcselPulsePeriod
 *fill*         0x0000000008003fd2        0x2 
 .text.VL53L0X_SetSequenceStepEnable
                0x0000000008003fd4      0x140 G:/DEV/STM32/LaserTest/compiledVL53/libvl53l0x.a(vl53l0x_api.o)
                0x0000000008003fd4                VL53L0X_SetSequenceStepEnable
 .text.sequence_step_enabled
                0x0000000008004114       0xa4 G:/DEV/STM32/LaserTest/compiledVL53/libvl53l0x.a(vl53l0x_api.o)
                0x0000000008004114                sequence_step_enabled
 .text.VL53L0X_GetSequenceStepEnables
                0x00000000080041b8       0xb0 G:/DEV/STM32/LaserTest/compiledVL53/libvl53l0x.a(vl53l0x_api.o)
                0x00000000080041b8                VL53L0X_GetSequenceStepEnables
 .text.VL53L0X_GetInterMeasurementPeriodMilliSeconds
                0x0000000008004268       0x68 G:/DEV/STM32/LaserTest/compiledVL53/libvl53l0x.a(vl53l0x_api.o)
                0x0000000008004268                VL53L0X_GetInterMeasurementPeriodMilliSeconds
 .text.VL53L0X_GetXTalkCompensationEnable
                0x00000000080042d0       0x2a G:/DEV/STM32/LaserTest/compiledVL53/libvl53l0x.a(vl53l0x_api.o)
                0x00000000080042d0                VL53L0X_GetXTalkCompensationEnable
 .text.VL53L0X_GetXTalkCompensationRateMegaCps
                0x00000000080042fa       0x66 G:/DEV/STM32/LaserTest/compiledVL53/libvl53l0x.a(vl53l0x_api.o)
                0x00000000080042fa                VL53L0X_GetXTalkCompensationRateMegaCps
 .text.VL53L0X_SetLimitCheckEnable
                0x0000000008004360      0x118 G:/DEV/STM32/LaserTest/compiledVL53/libvl53l0x.a(vl53l0x_api.o)
                0x0000000008004360                VL53L0X_SetLimitCheckEnable
 .text.VL53L0X_GetLimitCheckEnable
                0x0000000008004478       0x46 G:/DEV/STM32/LaserTest/compiledVL53/libvl53l0x.a(vl53l0x_api.o)
                0x0000000008004478                VL53L0X_GetLimitCheckEnable
 *fill*         0x00000000080044be        0x2 
 .text.VL53L0X_SetLimitCheckValue
                0x00000000080044c0       0xc4 G:/DEV/STM32/LaserTest/compiledVL53/libvl53l0x.a(vl53l0x_api.o)
                0x00000000080044c0                VL53L0X_SetLimitCheckValue
 .text.VL53L0X_GetLimitCheckValue
                0x0000000008004584      0x11c G:/DEV/STM32/LaserTest/compiledVL53/libvl53l0x.a(vl53l0x_api.o)
                0x0000000008004584                VL53L0X_GetLimitCheckValue
 .text.VL53L0X_GetWrapAroundCheckEnable
                0x00000000080046a0       0x64 G:/DEV/STM32/LaserTest/compiledVL53/libvl53l0x.a(vl53l0x_api.o)
                0x00000000080046a0                VL53L0X_GetWrapAroundCheckEnable
 .text.VL53L0X_PerformSingleMeasurement
                0x0000000008004704       0x68 G:/DEV/STM32/LaserTest/compiledVL53/libvl53l0x.a(vl53l0x_api.o)
                0x0000000008004704                VL53L0X_PerformSingleMeasurement
 .text.VL53L0X_PerformRefCalibration
                0x000000000800476c       0x2c G:/DEV/STM32/LaserTest/compiledVL53/libvl53l0x.a(vl53l0x_api.o)
                0x000000000800476c                VL53L0X_PerformRefCalibration
 .text.VL53L0X_CheckAndLoadInterruptSettings
                0x0000000008004798       0xcc G:/DEV/STM32/LaserTest/compiledVL53/libvl53l0x.a(vl53l0x_api.o)
                0x0000000008004798                VL53L0X_CheckAndLoadInterruptSettings
 .text.VL53L0X_StartMeasurement
                0x0000000008004864      0x184 G:/DEV/STM32/LaserTest/compiledVL53/libvl53l0x.a(vl53l0x_api.o)
                0x0000000008004864                VL53L0X_StartMeasurement
 .text.VL53L0X_GetMeasurementDataReady
                0x00000000080049e8       0x80 G:/DEV/STM32/LaserTest/compiledVL53/libvl53l0x.a(vl53l0x_api.o)
                0x00000000080049e8                VL53L0X_GetMeasurementDataReady
 .text.VL53L0X_GetRangingMeasurementData
                0x0000000008004a68      0x248 G:/DEV/STM32/LaserTest/compiledVL53/libvl53l0x.a(vl53l0x_api.o)
                0x0000000008004a68                VL53L0X_GetRangingMeasurementData
 .text.VL53L0X_PerformSingleRangingMeasurement
                0x0000000008004cb0       0x60 G:/DEV/STM32/LaserTest/compiledVL53/libvl53l0x.a(vl53l0x_api.o)
                0x0000000008004cb0                VL53L0X_PerformSingleRangingMeasurement
 .text.VL53L0X_SetGpioConfig
                0x0000000008004d10      0x244 G:/DEV/STM32/LaserTest/compiledVL53/libvl53l0x.a(vl53l0x_api.o)
                0x0000000008004d10                VL53L0X_SetGpioConfig
 .text.VL53L0X_GetInterruptThresholds
                0x0000000008004f54       0x6c G:/DEV/STM32/LaserTest/compiledVL53/libvl53l0x.a(vl53l0x_api.o)
                0x0000000008004f54                VL53L0X_GetInterruptThresholds
 .text.VL53L0X_ClearInterruptMask
                0x0000000008004fc0       0x80 G:/DEV/STM32/LaserTest/compiledVL53/libvl53l0x.a(vl53l0x_api.o)
                0x0000000008004fc0                VL53L0X_ClearInterruptMask
 .text.VL53L0X_GetInterruptMaskStatus
                0x0000000008005040       0x44 G:/DEV/STM32/LaserTest/compiledVL53/libvl53l0x.a(vl53l0x_api.o)
                0x0000000008005040                VL53L0X_GetInterruptMaskStatus
 .text.VL53L0X_PerformRefSpadManagement
                0x0000000008005084       0x2a G:/DEV/STM32/LaserTest/compiledVL53/libvl53l0x.a(vl53l0x_api.o)
                0x0000000008005084                VL53L0X_PerformRefSpadManagement
 .text.VL53L0X_get_offset_calibration_data_micro_meter
                0x00000000080050ae       0x7e G:/DEV/STM32/LaserTest/compiledVL53/libvl53l0x.a(vl53l0x_api_calibration.o)
                0x00000000080050ae                VL53L0X_get_offset_calibration_data_micro_meter
 .text.get_next_good_spad
                0x000000000800512c       0xbc G:/DEV/STM32/LaserTest/compiledVL53/libvl53l0x.a(vl53l0x_api_calibration.o)
                0x000000000800512c                get_next_good_spad
 .text.is_aperture
                0x00000000080051e8       0x34 G:/DEV/STM32/LaserTest/compiledVL53/libvl53l0x.a(vl53l0x_api_calibration.o)
                0x00000000080051e8                is_aperture
 .text.enable_spad_bit
                0x000000000800521c       0x70 G:/DEV/STM32/LaserTest/compiledVL53/libvl53l0x.a(vl53l0x_api_calibration.o)
                0x000000000800521c                enable_spad_bit
 .text.set_ref_spad_map
                0x000000000800528c       0x26 G:/DEV/STM32/LaserTest/compiledVL53/libvl53l0x.a(vl53l0x_api_calibration.o)
                0x000000000800528c                set_ref_spad_map
 .text.get_ref_spad_map
                0x00000000080052b2       0x26 G:/DEV/STM32/LaserTest/compiledVL53/libvl53l0x.a(vl53l0x_api_calibration.o)
                0x00000000080052b2                get_ref_spad_map
 .text.enable_ref_spads
                0x00000000080052d8       0xf8 G:/DEV/STM32/LaserTest/compiledVL53/libvl53l0x.a(vl53l0x_api_calibration.o)
                0x00000000080052d8                enable_ref_spads
 .text.perform_ref_signal_measurement
                0x00000000080053d0       0xd4 G:/DEV/STM32/LaserTest/compiledVL53/libvl53l0x.a(vl53l0x_api_calibration.o)
                0x00000000080053d0                perform_ref_signal_measurement
 .text.VL53L0X_perform_ref_spad_management
                0x00000000080054a4      0x418 G:/DEV/STM32/LaserTest/compiledVL53/libvl53l0x.a(vl53l0x_api_calibration.o)
                0x00000000080054a4                VL53L0X_perform_ref_spad_management
 .text.VL53L0X_set_reference_spads
                0x00000000080058bc      0x14a G:/DEV/STM32/LaserTest/compiledVL53/libvl53l0x.a(vl53l0x_api_calibration.o)
                0x00000000080058bc                VL53L0X_set_reference_spads
 .text.VL53L0X_perform_single_ref_calibration
                0x0000000008005a06       0x76 G:/DEV/STM32/LaserTest/compiledVL53/libvl53l0x.a(vl53l0x_api_calibration.o)
                0x0000000008005a06                VL53L0X_perform_single_ref_calibration
 .text.VL53L0X_ref_calibration_io
                0x0000000008005a7c      0x132 G:/DEV/STM32/LaserTest/compiledVL53/libvl53l0x.a(vl53l0x_api_calibration.o)
                0x0000000008005a7c                VL53L0X_ref_calibration_io
 .text.VL53L0X_perform_vhv_calibration
                0x0000000008005bae       0xce G:/DEV/STM32/LaserTest/compiledVL53/libvl53l0x.a(vl53l0x_api_calibration.o)
                0x0000000008005bae                VL53L0X_perform_vhv_calibration
 .text.VL53L0X_perform_phase_calibration
                0x0000000008005c7c       0xca G:/DEV/STM32/LaserTest/compiledVL53/libvl53l0x.a(vl53l0x_api_calibration.o)
                0x0000000008005c7c                VL53L0X_perform_phase_calibration
 .text.VL53L0X_perform_ref_calibration
                0x0000000008005d46       0x7a G:/DEV/STM32/LaserTest/compiledVL53/libvl53l0x.a(vl53l0x_api_calibration.o)
                0x0000000008005d46                VL53L0X_perform_ref_calibration
 .text.VL53L0X_measurement_poll_for_completion
                0x0000000008005dc0       0x60 G:/DEV/STM32/LaserTest/compiledVL53/libvl53l0x.a(vl53l0x_api_core.o)
                0x0000000008005dc0                VL53L0X_measurement_poll_for_completion
 .text.VL53L0X_decode_vcsel_period
                0x0000000008005e20       0x26 G:/DEV/STM32/LaserTest/compiledVL53/libvl53l0x.a(vl53l0x_api_core.o)
                0x0000000008005e20                VL53L0X_decode_vcsel_period
 .text.VL53L0X_isqrt
                0x0000000008005e46       0x68 G:/DEV/STM32/LaserTest/compiledVL53/libvl53l0x.a(vl53l0x_api_core.o)
                0x0000000008005e46                VL53L0X_isqrt
 .text.VL53L0X_device_read_strobe
                0x0000000008005eae       0x86 G:/DEV/STM32/LaserTest/compiledVL53/libvl53l0x.a(vl53l0x_api_core.o)
                0x0000000008005eae                VL53L0X_device_read_strobe
 .text.VL53L0X_get_info_from_device
                0x0000000008005f34      0x99a G:/DEV/STM32/LaserTest/compiledVL53/libvl53l0x.a(vl53l0x_api_core.o)
                0x0000000008005f34                VL53L0X_get_info_from_device
 .text.VL53L0X_calc_macro_period_ps
                0x00000000080068ce       0x3c G:/DEV/STM32/LaserTest/compiledVL53/libvl53l0x.a(vl53l0x_api_core.o)
                0x00000000080068ce                VL53L0X_calc_macro_period_ps
 .text.VL53L0X_encode_timeout
                0x000000000800690a       0x58 G:/DEV/STM32/LaserTest/compiledVL53/libvl53l0x.a(vl53l0x_api_core.o)
                0x000000000800690a                VL53L0X_encode_timeout
 .text.VL53L0X_decode_timeout
                0x0000000008006962       0x2c G:/DEV/STM32/LaserTest/compiledVL53/libvl53l0x.a(vl53l0x_api_core.o)
                0x0000000008006962                VL53L0X_decode_timeout
 *fill*         0x000000000800698e        0x2 
 .text.VL53L0X_calc_timeout_mclks
                0x0000000008006990       0x54 G:/DEV/STM32/LaserTest/compiledVL53/libvl53l0x.a(vl53l0x_api_core.o)
                0x0000000008006990                VL53L0X_calc_timeout_mclks
 .text.VL53L0X_calc_timeout_us
                0x00000000080069e4       0x54 G:/DEV/STM32/LaserTest/compiledVL53/libvl53l0x.a(vl53l0x_api_core.o)
                0x00000000080069e4                VL53L0X_calc_timeout_us
 .text.get_sequence_step_timeout
                0x0000000008006a38      0x1c2 G:/DEV/STM32/LaserTest/compiledVL53/libvl53l0x.a(vl53l0x_api_core.o)
                0x0000000008006a38                get_sequence_step_timeout
 .text.set_sequence_step_timeout
                0x0000000008006bfa      0x1e4 G:/DEV/STM32/LaserTest/compiledVL53/libvl53l0x.a(vl53l0x_api_core.o)
                0x0000000008006bfa                set_sequence_step_timeout
 .text.VL53L0X_get_vcsel_pulse_period
                0x0000000008006dde       0x6e G:/DEV/STM32/LaserTest/compiledVL53/libvl53l0x.a(vl53l0x_api_core.o)
                0x0000000008006dde                VL53L0X_get_vcsel_pulse_period
 .text.VL53L0X_set_measurement_timing_budget_micro_seconds
                0x0000000008006e4c      0x1c0 G:/DEV/STM32/LaserTest/compiledVL53/libvl53l0x.a(vl53l0x_api_core.o)
                0x0000000008006e4c                VL53L0X_set_measurement_timing_budget_micro_seconds
 .text.VL53L0X_get_measurement_timing_budget_micro_seconds
                0x000000000800700c      0x162 G:/DEV/STM32/LaserTest/compiledVL53/libvl53l0x.a(vl53l0x_api_core.o)
                0x000000000800700c                VL53L0X_get_measurement_timing_budget_micro_seconds
 *fill*         0x000000000800716e        0x2 
 .text.VL53L0X_load_tuning_settings
                0x0000000008007170      0x1c4 G:/DEV/STM32/LaserTest/compiledVL53/libvl53l0x.a(vl53l0x_api_core.o)
                0x0000000008007170                VL53L0X_load_tuning_settings
 .text.VL53L0X_get_total_xtalk_rate
                0x0000000008007334       0x5e G:/DEV/STM32/LaserTest/compiledVL53/libvl53l0x.a(vl53l0x_api_core.o)
                0x0000000008007334                VL53L0X_get_total_xtalk_rate
 .text.VL53L0X_get_total_signal_rate
                0x0000000008007392       0x4a G:/DEV/STM32/LaserTest/compiledVL53/libvl53l0x.a(vl53l0x_api_core.o)
                0x0000000008007392                VL53L0X_get_total_signal_rate
 .text.VL53L0X_calc_dmax
                0x00000000080073dc      0x238 G:/DEV/STM32/LaserTest/compiledVL53/libvl53l0x.a(vl53l0x_api_core.o)
                0x00000000080073dc                VL53L0X_calc_dmax
 .text.VL53L0X_calc_sigma_estimate
                0x0000000008007614      0x498 G:/DEV/STM32/LaserTest/compiledVL53/libvl53l0x.a(vl53l0x_api_core.o)
                0x0000000008007614                VL53L0X_calc_sigma_estimate
 .text.VL53L0X_get_pal_range_status
                0x0000000008007aac      0x3b6 G:/DEV/STM32/LaserTest/compiledVL53/libvl53l0x.a(vl53l0x_api_core.o)
                0x0000000008007aac                VL53L0X_get_pal_range_status
 .text.VL53L0X_WriteMulti
                0x0000000008007e62       0x4e G:/DEV/STM32/LaserTest/compiledVL53/libvl53l0x.a(vl53l0x_platform.o)
                0x0000000008007e62                VL53L0X_WriteMulti
 .text.VL53L0X_ReadMulti
                0x0000000008007eb0       0x4a G:/DEV/STM32/LaserTest/compiledVL53/libvl53l0x.a(vl53l0x_platform.o)
                0x0000000008007eb0                VL53L0X_ReadMulti
 .text.VL53L0X_WrByte
                0x0000000008007efa       0x40 G:/DEV/STM32/LaserTest/compiledVL53/libvl53l0x.a(vl53l0x_platform.o)
                0x0000000008007efa                VL53L0X_WrByte
 .text.VL53L0X_WrWord
                0x0000000008007f3a       0x40 G:/DEV/STM32/LaserTest/compiledVL53/libvl53l0x.a(vl53l0x_platform.o)
                0x0000000008007f3a                VL53L0X_WrWord
 .text.VL53L0X_UpdateByte
                0x0000000008007f7a       0x7c G:/DEV/STM32/LaserTest/compiledVL53/libvl53l0x.a(vl53l0x_platform.o)
                0x0000000008007f7a                VL53L0X_UpdateByte
 .text.VL53L0X_RdByte
                0x0000000008007ff6       0x3e G:/DEV/STM32/LaserTest/compiledVL53/libvl53l0x.a(vl53l0x_platform.o)
                0x0000000008007ff6                VL53L0X_RdByte
 .text.VL53L0X_RdWord
                0x0000000008008034       0x3e G:/DEV/STM32/LaserTest/compiledVL53/libvl53l0x.a(vl53l0x_platform.o)
                0x0000000008008034                VL53L0X_RdWord
 .text.VL53L0X_RdDWord
                0x0000000008008072       0x3e G:/DEV/STM32/LaserTest/compiledVL53/libvl53l0x.a(vl53l0x_platform.o)
                0x0000000008008072                VL53L0X_RdDWord
 .text.VL53L0X_PollingDelay
                0x00000000080080b0       0x30 G:/DEV/STM32/LaserTest/compiledVL53/libvl53l0x.a(vl53l0x_platform.o)
                0x00000000080080b0                VL53L0X_PollingDelay
 .text.isMeasurementReady
                0x00000000080080e0       0x36 G:/DEV/STM32/LaserTest/compiledVL53/libvl53l0x.a(vl53l0x.o)
 .text.VL53L0X_MeasureSingle
                0x0000000008008116       0x70 G:/DEV/STM32/LaserTest/compiledVL53/libvl53l0x.a(vl53l0x.o)
                0x0000000008008116                VL53L0X_MeasureSingle
 .text.VL53L0X_CustomAddressInit
                0x0000000008008186      0x11a G:/DEV/STM32/LaserTest/compiledVL53/libvl53l0x.a(vl53l0x.o)
                0x0000000008008186                VL53L0X_CustomAddressInit
 .text.VL53L0X_comms_initialise
                0x00000000080082a0       0x22 G:/DEV/STM32/LaserTest/compiledVL53/libvl53l0x.a(vl53l0x_i2c_platform.o)
                0x00000000080082a0                VL53L0X_comms_initialise
 *fill*         0x00000000080082c2        0x2 
 .text.VL53L0X_write_multi
                0x00000000080082c4       0x68 G:/DEV/STM32/LaserTest/compiledVL53/libvl53l0x.a(vl53l0x_i2c_platform.o)
                0x00000000080082c4                VL53L0X_write_multi
 .text.VL53L0X_read_multi
                0x000000000800832c       0x78 G:/DEV/STM32/LaserTest/compiledVL53/libvl53l0x.a(vl53l0x_i2c_platform.o)
                0x000000000800832c                VL53L0X_read_multi
 .text.VL53L0X_write_byte
                0x00000000080083a4       0x32 G:/DEV/STM32/LaserTest/compiledVL53/libvl53l0x.a(vl53l0x_i2c_platform.o)
                0x00000000080083a4                VL53L0X_write_byte
 .text.VL53L0X_write_word
                0x00000000080083d6       0x40 G:/DEV/STM32/LaserTest/compiledVL53/libvl53l0x.a(vl53l0x_i2c_platform.o)
                0x00000000080083d6                VL53L0X_write_word
 .text.VL53L0X_read_byte
                0x0000000008008416       0x30 G:/DEV/STM32/LaserTest/compiledVL53/libvl53l0x.a(vl53l0x_i2c_platform.o)
                0x0000000008008416                VL53L0X_read_byte
 .text.VL53L0X_read_word
                0x0000000008008446       0x42 G:/DEV/STM32/LaserTest/compiledVL53/libvl53l0x.a(vl53l0x_i2c_platform.o)
                0x0000000008008446                VL53L0X_read_word
 .text.VL53L0X_read_dword
                0x0000000008008488       0x46 G:/DEV/STM32/LaserTest/compiledVL53/libvl53l0x.a(vl53l0x_i2c_platform.o)
                0x0000000008008488                VL53L0X_read_dword
 *fill*         0x00000000080084ce        0x2 
 .text.calloc   0x00000000080084d0       0x10 C:/ST/STM32CubeIDE_1.14.1/STM32CubeIDE/plugins/com.st.stm32cube.ide.mcu.externaltools.gnu-tools-for-stm32.11.3.rel1.win32_1.1.100.202309141235/tools/bin/../lib/gcc/arm-none-eabi/11.3.1/../../../../arm-none-eabi/lib/thumb/v7e-m+fp/hard\libc_nano.a(libc_a-calloc.o)
                0x00000000080084d0                calloc
 .text._calloc_r
                0x00000000080084e0       0x2c C:/ST/STM32CubeIDE_1.14.1/STM32CubeIDE/plugins/com.st.stm32cube.ide.mcu.externaltools.gnu-tools-for-stm32.11.3.rel1.win32_1.1.100.202309141235/tools/bin/../lib/gcc/arm-none-eabi/11.3.1/../../../../arm-none-eabi/lib/thumb/v7e-m+fp/hard\libc_nano.a(libc_a-callocr.o)
                0x00000000080084e0                _calloc_r
 .text.sbrk_aligned
                0x000000000800850c       0x40 C:/ST/STM32CubeIDE_1.14.1/STM32CubeIDE/plugins/com.st.stm32cube.ide.mcu.externaltools.gnu-tools-for-stm32.11.3.rel1.win32_1.1.100.202309141235/tools/bin/../lib/gcc/arm-none-eabi/11.3.1/../../../../arm-none-eabi/lib/thumb/v7e-m+fp/hard\libc_nano.a(libc_a-mallocr.o)
 .text._malloc_r
                0x000000000800854c      0x100 C:/ST/STM32CubeIDE_1.14.1/STM32CubeIDE/plugins/com.st.stm32cube.ide.mcu.externaltools.gnu-tools-for-stm32.11.3.rel1.win32_1.1.100.202309141235/tools/bin/../lib/gcc/arm-none-eabi/11.3.1/../../../../arm-none-eabi/lib/thumb/v7e-m+fp/hard\libc_nano.a(libc_a-mallocr.o)
                0x000000000800854c                _malloc_r
 .text.__malloc_lock
                0x000000000800864c        0xc C:/ST/STM32CubeIDE_1.14.1/STM32CubeIDE/plugins/com.st.stm32cube.ide.mcu.externaltools.gnu-tools-for-stm32.11.3.rel1.win32_1.1.100.202309141235/tools/bin/../lib/gcc/arm-none-eabi/11.3.1/../../../../arm-none-eabi/lib/thumb/v7e-m+fp/hard\libc_nano.a(libc_a-mlock.o)
                0x000000000800864c                __malloc_lock
 .text.__malloc_unlock
                0x0000000008008658        0xc C:/ST/STM32CubeIDE_1.14.1/STM32CubeIDE/plugins/com.st.stm32cube.ide.mcu.externaltools.gnu-tools-for-stm32.11.3.rel1.win32_1.1.100.202309141235/tools/bin/../lib/gcc/arm-none-eabi/11.3.1/../../../../arm-none-eabi/lib/thumb/v7e-m+fp/hard\libc_nano.a(libc_a-mlock.o)
                0x0000000008008658                __malloc_unlock
 .text.memset   0x0000000008008664       0x10 C:/ST/STM32CubeIDE_1.14.1/STM32CubeIDE/plugins/com.st.stm32cube.ide.mcu.externaltools.gnu-tools-for-stm32.11.3.rel1.win32_1.1.100.202309141235/tools/bin/../lib/gcc/arm-none-eabi/11.3.1/../../../../arm-none-eabi/lib/thumb/v7e-m+fp/hard\libc_nano.a(libc_a-memset.o)
                0x0000000008008664                memset
 .text._sbrk_r  0x0000000008008674       0x20 C:/ST/STM32CubeIDE_1.14.1/STM32CubeIDE/plugins/com.st.stm32cube.ide.mcu.externaltools.gnu-tools-for-stm32.11.3.rel1.win32_1.1.100.202309141235/tools/bin/../lib/gcc/arm-none-eabi/11.3.1/../../../../arm-none-eabi/lib/thumb/v7e-m+fp/hard\libc_nano.a(libc_a-sbrkr.o)
                0x0000000008008674                _sbrk_r
 .text.__errno  0x0000000008008694        0xc C:/ST/STM32CubeIDE_1.14.1/STM32CubeIDE/plugins/com.st.stm32cube.ide.mcu.externaltools.gnu-tools-for-stm32.11.3.rel1.win32_1.1.100.202309141235/tools/bin/../lib/gcc/arm-none-eabi/11.3.1/../../../../arm-none-eabi/lib/thumb/v7e-m+fp/hard\libc_nano.a(libc_a-errno.o)
                0x0000000008008694                __errno
 .text.__libc_init_array
                0x00000000080086a0       0x48 C:/ST/STM32CubeIDE_1.14.1/STM32CubeIDE/plugins/com.st.stm32cube.ide.mcu.externaltools.gnu-tools-for-stm32.11.3.rel1.win32_1.1.100.202309141235/tools/bin/../lib/gcc/arm-none-eabi/11.3.1/../../../../arm-none-eabi/lib/thumb/v7e-m+fp/hard\libc_nano.a(libc_a-init.o)
                0x00000000080086a0                __libc_init_array
 .text.__retarget_lock_acquire_recursive
                0x00000000080086e8        0x2 C:/ST/STM32CubeIDE_1.14.1/STM32CubeIDE/plugins/com.st.stm32cube.ide.mcu.externaltools.gnu-tools-for-stm32.11.3.rel1.win32_1.1.100.202309141235/tools/bin/../lib/gcc/arm-none-eabi/11.3.1/../../../../arm-none-eabi/lib/thumb/v7e-m+fp/hard\libc_nano.a(libc_a-lock.o)
                0x00000000080086e8                __retarget_lock_acquire_recursive
 .text.__retarget_lock_release_recursive
                0x00000000080086ea        0x2 C:/ST/STM32CubeIDE_1.14.1/STM32CubeIDE/plugins/com.st.stm32cube.ide.mcu.externaltools.gnu-tools-for-stm32.11.3.rel1.win32_1.1.100.202309141235/tools/bin/../lib/gcc/arm-none-eabi/11.3.1/../../../../arm-none-eabi/lib/thumb/v7e-m+fp/hard\libc_nano.a(libc_a-lock.o)
                0x00000000080086ea                __retarget_lock_release_recursive
 .text.strcpy   0x00000000080086ec       0x10 C:/ST/STM32CubeIDE_1.14.1/STM32CubeIDE/plugins/com.st.stm32cube.ide.mcu.externaltools.gnu-tools-for-stm32.11.3.rel1.win32_1.1.100.202309141235/tools/bin/../lib/gcc/arm-none-eabi/11.3.1/../../../../arm-none-eabi/lib/thumb/v7e-m+fp/hard\libc_nano.a(libc_a-strcpy.o)
                0x00000000080086ec                strcpy
 .text.memcpy   0x00000000080086fc       0x1c C:/ST/STM32CubeIDE_1.14.1/STM32CubeIDE/plugins/com.st.stm32cube.ide.mcu.externaltools.gnu-tools-for-stm32.11.3.rel1.win32_1.1.100.202309141235/tools/bin/../lib/gcc/arm-none-eabi/11.3.1/../../../../arm-none-eabi/lib/thumb/v7e-m+fp/hard\libc_nano.a(libc_a-memcpy-stub.o)
                0x00000000080086fc                memcpy
 *(.glue_7)
 .glue_7        0x0000000008008718        0x0 linker stubs
 *(.glue_7t)
 .glue_7t       0x0000000008008718        0x0 linker stubs
 *(.eh_frame)
 .eh_frame      0x0000000008008718        0x0 C:/ST/STM32CubeIDE_1.14.1/STM32CubeIDE/plugins/com.st.stm32cube.ide.mcu.externaltools.gnu-tools-for-stm32.11.3.rel1.win32_1.1.100.202309141235/tools/bin/../lib/gcc/arm-none-eabi/11.3.1/thumb/v7e-m+fp/hard/crtbegin.o
 *(.init)
 .init          0x0000000008008718        0x4 C:/ST/STM32CubeIDE_1.14.1/STM32CubeIDE/plugins/com.st.stm32cube.ide.mcu.externaltools.gnu-tools-for-stm32.11.3.rel1.win32_1.1.100.202309141235/tools/bin/../lib/gcc/arm-none-eabi/11.3.1/thumb/v7e-m+fp/hard/crti.o
                0x0000000008008718                _init
 .init          0x000000000800871c        0x8 C:/ST/STM32CubeIDE_1.14.1/STM32CubeIDE/plugins/com.st.stm32cube.ide.mcu.externaltools.gnu-tools-for-stm32.11.3.rel1.win32_1.1.100.202309141235/tools/bin/../lib/gcc/arm-none-eabi/11.3.1/thumb/v7e-m+fp/hard/crtn.o
 *(.fini)
 .fini          0x0000000008008724        0x4 C:/ST/STM32CubeIDE_1.14.1/STM32CubeIDE/plugins/com.st.stm32cube.ide.mcu.externaltools.gnu-tools-for-stm32.11.3.rel1.win32_1.1.100.202309141235/tools/bin/../lib/gcc/arm-none-eabi/11.3.1/thumb/v7e-m+fp/hard/crti.o
                0x0000000008008724                _fini
 .fini          0x0000000008008728        0x8 C:/ST/STM32CubeIDE_1.14.1/STM32CubeIDE/plugins/com.st.stm32cube.ide.mcu.externaltools.gnu-tools-for-stm32.11.3.rel1.win32_1.1.100.202309141235/tools/bin/../lib/gcc/arm-none-eabi/11.3.1/thumb/v7e-m+fp/hard/crtn.o
                0x0000000008008730                . = ALIGN (0x4)
                0x0000000008008730                _etext = .

.vfp11_veneer   0x0000000008008730        0x0
 .vfp11_veneer  0x0000000008008730        0x0 linker stubs

.v4_bx          0x0000000008008730        0x0
 .v4_bx         0x0000000008008730        0x0 linker stubs

.iplt           0x0000000008008730        0x0
 .iplt          0x0000000008008730        0x0 C:/ST/STM32CubeIDE_1.14.1/STM32CubeIDE/plugins/com.st.stm32cube.ide.mcu.externaltools.gnu-tools-for-stm32.11.3.rel1.win32_1.1.100.202309141235/tools/bin/../lib/gcc/arm-none-eabi/11.3.1/thumb/v7e-m+fp/hard/crtbegin.o

.rodata         0x0000000008008730       0x18
                0x0000000008008730                . = ALIGN (0x4)
 *(.rodata)
 *(.rodata*)
 .rodata.AHBPrescTable
                0x0000000008008730       0x10 ./Core/Src/system_stm32f4xx.o
                0x0000000008008730                AHBPrescTable
 .rodata.APBPrescTable
                0x0000000008008740        0x8 ./Core/Src/system_stm32f4xx.o
                0x0000000008008740                APBPrescTable
                0x0000000008008748                . = ALIGN (0x4)

.ARM.extab      0x0000000008008748        0x0
                0x0000000008008748                . = ALIGN (0x4)
 *(.ARM.extab* .gnu.linkonce.armextab.*)
                0x0000000008008748                . = ALIGN (0x4)

.ARM            0x0000000008008748        0x8
                0x0000000008008748                . = ALIGN (0x4)
                0x0000000008008748                __exidx_start = .
 *(.ARM.exidx*)
 .ARM.exidx     0x0000000008008748        0x8 C:/ST/STM32CubeIDE_1.14.1/STM32CubeIDE/plugins/com.st.stm32cube.ide.mcu.externaltools.gnu-tools-for-stm32.11.3.rel1.win32_1.1.100.202309141235/tools/bin/../lib/gcc/arm-none-eabi/11.3.1/thumb/v7e-m+fp/hard\libgcc.a(_udivmoddi4.o)
                0x0000000008008750                __exidx_end = .
                0x0000000008008750                . = ALIGN (0x4)

.rel.dyn        0x0000000008008750        0x0
 .rel.iplt      0x0000000008008750        0x0 C:/ST/STM32CubeIDE_1.14.1/STM32CubeIDE/plugins/com.st.stm32cube.ide.mcu.externaltools.gnu-tools-for-stm32.11.3.rel1.win32_1.1.100.202309141235/tools/bin/../lib/gcc/arm-none-eabi/11.3.1/thumb/v7e-m+fp/hard/crtbegin.o

.preinit_array  0x0000000008008750        0x0
                0x0000000008008750                . = ALIGN (0x4)
                0x0000000008008750                PROVIDE (__preinit_array_start = .)
 *(.preinit_array*)
                0x0000000008008750                PROVIDE (__preinit_array_end = .)
                0x0000000008008750                . = ALIGN (0x4)

.init_array     0x0000000008008750        0x4
                0x0000000008008750                . = ALIGN (0x4)
                0x0000000008008750                PROVIDE (__init_array_start = .)
 *(SORT_BY_NAME(.init_array.*))
 *(.init_array*)
 .init_array    0x0000000008008750        0x4 C:/ST/STM32CubeIDE_1.14.1/STM32CubeIDE/plugins/com.st.stm32cube.ide.mcu.externaltools.gnu-tools-for-stm32.11.3.rel1.win32_1.1.100.202309141235/tools/bin/../lib/gcc/arm-none-eabi/11.3.1/thumb/v7e-m+fp/hard/crtbegin.o
                0x0000000008008754                PROVIDE (__init_array_end = .)
                0x0000000008008754                . = ALIGN (0x4)

.fini_array     0x0000000008008754        0x4
                0x0000000008008754                . = ALIGN (0x4)
                [!provide]                        PROVIDE (__fini_array_start = .)
 *(SORT_BY_NAME(.fini_array.*))
 *(.fini_array*)
 .fini_array    0x0000000008008754        0x4 C:/ST/STM32CubeIDE_1.14.1/STM32CubeIDE/plugins/com.st.stm32cube.ide.mcu.externaltools.gnu-tools-for-stm32.11.3.rel1.win32_1.1.100.202309141235/tools/bin/../lib/gcc/arm-none-eabi/11.3.1/thumb/v7e-m+fp/hard/crtbegin.o
                [!provide]                        PROVIDE (__fini_array_end = .)
                0x0000000008008758                . = ALIGN (0x4)
                0x0000000008008758                _sidata = LOADADDR (.data)

.data           0x0000000020000000      0x318 load address 0x0000000008008758
                0x0000000020000000                . = ALIGN (0x4)
                0x0000000020000000                _sdata = .
 *(.data)
 *(.data*)
 .data.SystemCoreClock
                0x0000000020000000        0x4 ./Core/Src/system_stm32f4xx.o
                0x0000000020000000                SystemCoreClock
 .data.uwTickPrio
                0x0000000020000004        0x4 ./Drivers/STM32F4xx_HAL_Driver/Src/stm32f4xx_hal.o
                0x0000000020000004                uwTickPrio
 .data.uwTickFreq
                0x0000000020000008        0x1 ./Drivers/STM32F4xx_HAL_Driver/Src/stm32f4xx_hal.o
                0x0000000020000008                uwTickFreq
 .data.NumofDevices
                0x0000000020000009        0x1 G:/DEV/STM32/LaserTest/compiledVL53/libvl53l0x.a(vl53l0xHandlerClass.o)
                0x0000000020000009                NumofDevices
 *fill*         0x000000002000000a        0x2 
 .data.DefaultTuningSettings
                0x000000002000000c       0xf3 G:/DEV/STM32/LaserTest/compiledVL53/libvl53l0x.a(vl53l0x_api.o)
                0x000000002000000c                DefaultTuningSettings
 *fill*         0x00000000200000ff        0x1 
 .data.InterruptThresholdSettings
                0x0000000020000100      0x1b6 G:/DEV/STM32/LaserTest/compiledVL53/libvl53l0x.a(vl53l0x_api.o)
                0x0000000020000100                InterruptThresholdSettings
 *fill*         0x00000000200002b6        0x2 
 .data.refArrayQuadrants
                0x00000000200002b8       0x10 G:/DEV/STM32/LaserTest/compiledVL53/libvl53l0x.a(vl53l0x_api_calibration.o)
                0x00000000200002b8                refArrayQuadrants
 .data._impure_data
                0x00000000200002c8       0x4c C:/ST/STM32CubeIDE_1.14.1/STM32CubeIDE/plugins/com.st.stm32cube.ide.mcu.externaltools.gnu-tools-for-stm32.11.3.rel1.win32_1.1.100.202309141235/tools/bin/../lib/gcc/arm-none-eabi/11.3.1/../../../../arm-none-eabi/lib/thumb/v7e-m+fp/hard\libc_nano.a(libc_a-impure.o)
                0x00000000200002c8                _impure_data
 .data._impure_ptr
                0x0000000020000314        0x4 C:/ST/STM32CubeIDE_1.14.1/STM32CubeIDE/plugins/com.st.stm32cube.ide.mcu.externaltools.gnu-tools-for-stm32.11.3.rel1.win32_1.1.100.202309141235/tools/bin/../lib/gcc/arm-none-eabi/11.3.1/../../../../arm-none-eabi/lib/thumb/v7e-m+fp/hard\libc_nano.a(libc_a-impure.o)
                0x0000000020000314                _impure_ptr
 *(.RamFunc)
 *(.RamFunc*)
                0x0000000020000318                . = ALIGN (0x4)
                0x0000000020000318                _edata = .
                0x0000000008008a70                _siccmram = LOADADDR (.ccmram)

.igot.plt       0x0000000020000318        0x0 load address 0x0000000008008a70
 .igot.plt      0x0000000020000318        0x0 C:/ST/STM32CubeIDE_1.14.1/STM32CubeIDE/plugins/com.st.stm32cube.ide.mcu.externaltools.gnu-tools-for-stm32.11.3.rel1.win32_1.1.100.202309141235/tools/bin/../lib/gcc/arm-none-eabi/11.3.1/thumb/v7e-m+fp/hard/crtbegin.o

.ccmram         0x0000000010000000        0x0 load address 0x0000000008008a70
                0x0000000010000000                . = ALIGN (0x4)
                0x0000000010000000                _sccmram = .
 *(.ccmram)
 *(.ccmram*)
                0x0000000010000000                . = ALIGN (0x4)
                0x0000000010000000                _eccmram = .
                0x0000000010000000                . = ALIGN (0x4)

.bss            0x0000000020000318      0x258
                0x0000000020000318                _sbss = .
                0x0000000020000318                __bss_start__ = _sbss
 *(.bss)
 .bss           0x0000000020000318       0x1c C:/ST/STM32CubeIDE_1.14.1/STM32CubeIDE/plugins/com.st.stm32cube.ide.mcu.externaltools.gnu-tools-for-stm32.11.3.rel1.win32_1.1.100.202309141235/tools/bin/../lib/gcc/arm-none-eabi/11.3.1/thumb/v7e-m+fp/hard/crtbegin.o
 *(.bss*)
 .bss.hi2c1     0x0000000020000334       0x54 ./Core/Src/i2c.o
                0x0000000020000334                hi2c1
 .bss.sensor2_mm
                0x0000000020000388        0x2 ./Core/Src/main.o
                0x0000000020000388                sensor2_mm
 *fill*         0x000000002000038a        0x2 
 .bss.htim6     0x000000002000038c       0x48 ./Core/Src/stm32f4xx_hal_timebase_tim.o
                0x000000002000038c                htim6
 .bss.__sbrk_heap_end
                0x00000000200003d4        0x4 ./Core/Src/sysmem.o
 .bss.uwTick    0x00000000200003d8        0x4 ./Drivers/STM32F4xx_HAL_Driver/Src/stm32f4xx_hal.o
                0x00000000200003d8                uwTick
 .bss.DeviceIndexer
                0x00000000200003dc        0x1 G:/DEV/STM32/LaserTest/compiledVL53/libvl53l0x.a(vl53l0xHandlerClass.o)
                0x00000000200003dc                DeviceIndexer
 *fill*         0x00000000200003dd        0x3 
 .bss.Devices   0x00000000200003e0        0x4 G:/DEV/STM32/LaserTest/compiledVL53/libvl53l0x.a(vl53l0xHandlerClass.o)
                0x00000000200003e0                Devices
 .bss.GPIODpins
                0x00000000200003e4        0x4 G:/DEV/STM32/LaserTest/compiledVL53/libvl53l0x.a(vl53l0xHandlerClass.o)
                0x00000000200003e4                GPIODpins
 .bss.LocBuffer
                0x00000000200003e8       0x40 G:/DEV/STM32/LaserTest/compiledVL53/libvl53l0x.a(vl53l0x_i2c_platform.o)
                0x00000000200003e8                LocBuffer
 .bss.__malloc_free_list
                0x0000000020000428        0x4 C:/ST/STM32CubeIDE_1.14.1/STM32CubeIDE/plugins/com.st.stm32cube.ide.mcu.externaltools.gnu-tools-for-stm32.11.3.rel1.win32_1.1.100.202309141235/tools/bin/../lib/gcc/arm-none-eabi/11.3.1/../../../../arm-none-eabi/lib/thumb/v7e-m+fp/hard\libc_nano.a(libc_a-mallocr.o)
                0x0000000020000428                __malloc_free_list
 .bss.__malloc_sbrk_start
                0x000000002000042c        0x4 C:/ST/STM32CubeIDE_1.14.1/STM32CubeIDE/plugins/com.st.stm32cube.ide.mcu.externaltools.gnu-tools-for-stm32.11.3.rel1.win32_1.1.100.202309141235/tools/bin/../lib/gcc/arm-none-eabi/11.3.1/../../../../arm-none-eabi/lib/thumb/v7e-m+fp/hard\libc_nano.a(libc_a-mallocr.o)
                0x000000002000042c                __malloc_sbrk_start
 .bss.__sf      0x0000000020000430      0x138 C:/ST/STM32CubeIDE_1.14.1/STM32CubeIDE/plugins/com.st.stm32cube.ide.mcu.externaltools.gnu-tools-for-stm32.11.3.rel1.win32_1.1.100.202309141235/tools/bin/../lib/gcc/arm-none-eabi/11.3.1/../../../../arm-none-eabi/lib/thumb/v7e-m+fp/hard\libc_nano.a(libc_a-findfp.o)
                0x0000000020000430                __sf
 .bss.errno     0x0000000020000568        0x4 C:/ST/STM32CubeIDE_1.14.1/STM32CubeIDE/plugins/com.st.stm32cube.ide.mcu.externaltools.gnu-tools-for-stm32.11.3.rel1.win32_1.1.100.202309141235/tools/bin/../lib/gcc/arm-none-eabi/11.3.1/../../../../arm-none-eabi/lib/thumb/v7e-m+fp/hard\libc_nano.a(libc_a-reent.o)
                0x0000000020000568                errno
 .bss.__lock___malloc_recursive_mutex
                0x000000002000056c        0x1 C:/ST/STM32CubeIDE_1.14.1/STM32CubeIDE/plugins/com.st.stm32cube.ide.mcu.externaltools.gnu-tools-for-stm32.11.3.rel1.win32_1.1.100.202309141235/tools/bin/../lib/gcc/arm-none-eabi/11.3.1/../../../../arm-none-eabi/lib/thumb/v7e-m+fp/hard\libc_nano.a(libc_a-lock.o)
                0x000000002000056c                __lock___malloc_recursive_mutex
 *(COMMON)
                0x0000000020000570                . = ALIGN (0x4)
 *fill*         0x000000002000056d        0x3 
                0x0000000020000570                _ebss = .
                0x0000000020000570                __bss_end__ = _ebss

._user_heap_stack
                0x0000000020000570      0x600
                0x0000000020000570                . = ALIGN (0x8)
                [!provide]                        PROVIDE (end = .)
                0x0000000020000570                PROVIDE (_end = .)
                0x0000000020000770                . = (. + _Min_Heap_Size)
 *fill*         0x0000000020000570      0x200 
                0x0000000020000b70                . = (. + _Min_Stack_Size)
 *fill*         0x0000000020000770      0x400 
                0x0000000020000b70                . = ALIGN (0x8)

/DISCARD/
 libc.a(*)
 libm.a(*)
 libgcc.a(*)

.ARM.attributes
                0x0000000000000000       0x30
 *(.ARM.attributes)
 .ARM.attributes
                0x0000000000000000       0x1e C:/ST/STM32CubeIDE_1.14.1/STM32CubeIDE/plugins/com.st.stm32cube.ide.mcu.externaltools.gnu-tools-for-stm32.11.3.rel1.win32_1.1.100.202309141235/tools/bin/../lib/gcc/arm-none-eabi/11.3.1/thumb/v7e-m+fp/hard/crti.o
 .ARM.attributes
                0x000000000000001e       0x34 C:/ST/STM32CubeIDE_1.14.1/STM32CubeIDE/plugins/com.st.stm32cube.ide.mcu.externaltools.gnu-tools-for-stm32.11.3.rel1.win32_1.1.100.202309141235/tools/bin/../lib/gcc/arm-none-eabi/11.3.1/thumb/v7e-m+fp/hard/crtbegin.o
 .ARM.attributes
                0x0000000000000052       0x34 ./Core/Src/gpio.o
 .ARM.attributes
                0x0000000000000086       0x34 ./Core/Src/i2c.o
 .ARM.attributes
                0x00000000000000ba       0x34 ./Core/Src/main.o
 .ARM.attributes
                0x00000000000000ee       0x34 ./Core/Src/stm32f4xx_hal_msp.o
 .ARM.attributes
                0x0000000000000122       0x34 ./Core/Src/stm32f4xx_hal_timebase_tim.o
 .ARM.attributes
                0x0000000000000156       0x34 ./Core/Src/stm32f4xx_it.o
 .ARM.attributes
                0x000000000000018a       0x34 ./Core/Src/sysmem.o
 .ARM.attributes
                0x00000000000001be       0x34 ./Core/Src/system_stm32f4xx.o
 .ARM.attributes
                0x00000000000001f2       0x21 ./Core/Startup/startup_stm32f429zitx.o
 .ARM.attributes
                0x0000000000000213       0x34 ./Drivers/STM32F4xx_HAL_Driver/Src/stm32f4xx_hal.o
 .ARM.attributes
                0x0000000000000247       0x34 ./Drivers/STM32F4xx_HAL_Driver/Src/stm32f4xx_hal_cortex.o
 .ARM.attributes
                0x000000000000027b       0x34 ./Drivers/STM32F4xx_HAL_Driver/Src/stm32f4xx_hal_gpio.o
 .ARM.attributes
                0x00000000000002af       0x34 ./Drivers/STM32F4xx_HAL_Driver/Src/stm32f4xx_hal_i2c.o
 .ARM.attributes
                0x00000000000002e3       0x34 ./Drivers/STM32F4xx_HAL_Driver/Src/stm32f4xx_hal_i2c_ex.o
 .ARM.attributes
                0x0000000000000317       0x34 ./Drivers/STM32F4xx_HAL_Driver/Src/stm32f4xx_hal_rcc.o
 .ARM.attributes
                0x000000000000034b       0x34 ./Drivers/STM32F4xx_HAL_Driver/Src/stm32f4xx_hal_tim.o
 .ARM.attributes
                0x000000000000037f       0x34 ./Drivers/STM32F4xx_HAL_Driver/Src/stm32f4xx_hal_tim_ex.o
 .ARM.attributes
                0x00000000000003b3       0x34 G:/DEV/STM32/LaserTest/compiledVL53/libvl53l0x.a(vl53l0xHandlerClass.o)
 .ARM.attributes
                0x00000000000003e7       0x34 G:/DEV/STM32/LaserTest/compiledVL53/libvl53l0x.a(vl53l0x_api.o)
 .ARM.attributes
                0x000000000000041b       0x34 G:/DEV/STM32/LaserTest/compiledVL53/libvl53l0x.a(vl53l0x_api_calibration.o)
 .ARM.attributes
                0x000000000000044f       0x34 G:/DEV/STM32/LaserTest/compiledVL53/libvl53l0x.a(vl53l0x_api_core.o)
 .ARM.attributes
                0x0000000000000483       0x34 G:/DEV/STM32/LaserTest/compiledVL53/libvl53l0x.a(vl53l0x_platform.o)
 .ARM.attributes
                0x00000000000004b7       0x34 G:/DEV/STM32/LaserTest/compiledVL53/libvl53l0x.a(vl53l0x.o)
 .ARM.attributes
                0x00000000000004eb       0x34 G:/DEV/STM32/LaserTest/compiledVL53/libvl53l0x.a(vl53l0x_i2c_platform.o)
 .ARM.attributes
                0x000000000000051f       0x34 C:/ST/STM32CubeIDE_1.14.1/STM32CubeIDE/plugins/com.st.stm32cube.ide.mcu.externaltools.gnu-tools-for-stm32.11.3.rel1.win32_1.1.100.202309141235/tools/bin/../lib/gcc/arm-none-eabi/11.3.1/../../../../arm-none-eabi/lib/thumb/v7e-m+fp/hard\libc_nano.a(libc_a-calloc.o)
 .ARM.attributes
                0x0000000000000553       0x34 C:/ST/STM32CubeIDE_1.14.1/STM32CubeIDE/plugins/com.st.stm32cube.ide.mcu.externaltools.gnu-tools-for-stm32.11.3.rel1.win32_1.1.100.202309141235/tools/bin/../lib/gcc/arm-none-eabi/11.3.1/../../../../arm-none-eabi/lib/thumb/v7e-m+fp/hard\libc_nano.a(libc_a-callocr.o)
 .ARM.attributes
                0x0000000000000587       0x34 C:/ST/STM32CubeIDE_1.14.1/STM32CubeIDE/plugins/com.st.stm32cube.ide.mcu.externaltools.gnu-tools-for-stm32.11.3.rel1.win32_1.1.100.202309141235/tools/bin/../lib/gcc/arm-none-eabi/11.3.1/../../../../arm-none-eabi/lib/thumb/v7e-m+fp/hard\libc_nano.a(libc_a-mallocr.o)
 .ARM.attributes
                0x00000000000005bb       0x34 C:/ST/STM32CubeIDE_1.14.1/STM32CubeIDE/plugins/com.st.stm32cube.ide.mcu.externaltools.gnu-tools-for-stm32.11.3.rel1.win32_1.1.100.202309141235/tools/bin/../lib/gcc/arm-none-eabi/11.3.1/../../../../arm-none-eabi/lib/thumb/v7e-m+fp/hard\libc_nano.a(libc_a-mlock.o)
 .ARM.attributes
                0x00000000000005ef       0x34 C:/ST/STM32CubeIDE_1.14.1/STM32CubeIDE/plugins/com.st.stm32cube.ide.mcu.externaltools.gnu-tools-for-stm32.11.3.rel1.win32_1.1.100.202309141235/tools/bin/../lib/gcc/arm-none-eabi/11.3.1/../../../../arm-none-eabi/lib/thumb/v7e-m+fp/hard\libc_nano.a(libc_a-findfp.o)
 .ARM.attributes
                0x0000000000000623       0x34 C:/ST/STM32CubeIDE_1.14.1/STM32CubeIDE/plugins/com.st.stm32cube.ide.mcu.externaltools.gnu-tools-for-stm32.11.3.rel1.win32_1.1.100.202309141235/tools/bin/../lib/gcc/arm-none-eabi/11.3.1/../../../../arm-none-eabi/lib/thumb/v7e-m+fp/hard\libc_nano.a(libc_a-memset.o)
 .ARM.attributes
                0x0000000000000657       0x34 C:/ST/STM32CubeIDE_1.14.1/STM32CubeIDE/plugins/com.st.stm32cube.ide.mcu.externaltools.gnu-tools-for-stm32.11.3.rel1.win32_1.1.100.202309141235/tools/bin/../lib/gcc/arm-none-eabi/11.3.1/../../../../arm-none-eabi/lib/thumb/v7e-m+fp/hard\libc_nano.a(libc_a-reent.o)
 .ARM.attributes
                0x000000000000068b       0x34 C:/ST/STM32CubeIDE_1.14.1/STM32CubeIDE/plugins/com.st.stm32cube.ide.mcu.externaltools.gnu-tools-for-stm32.11.3.rel1.win32_1.1.100.202309141235/tools/bin/../lib/gcc/arm-none-eabi/11.3.1/../../../../arm-none-eabi/lib/thumb/v7e-m+fp/hard\libc_nano.a(libc_a-impure.o)
 .ARM.attributes
                0x00000000000006bf       0x34 C:/ST/STM32CubeIDE_1.14.1/STM32CubeIDE/plugins/com.st.stm32cube.ide.mcu.externaltools.gnu-tools-for-stm32.11.3.rel1.win32_1.1.100.202309141235/tools/bin/../lib/gcc/arm-none-eabi/11.3.1/../../../../arm-none-eabi/lib/thumb/v7e-m+fp/hard\libc_nano.a(libc_a-sbrkr.o)
 .ARM.attributes
                0x00000000000006f3       0x34 C:/ST/STM32CubeIDE_1.14.1/STM32CubeIDE/plugins/com.st.stm32cube.ide.mcu.externaltools.gnu-tools-for-stm32.11.3.rel1.win32_1.1.100.202309141235/tools/bin/../lib/gcc/arm-none-eabi/11.3.1/../../../../arm-none-eabi/lib/thumb/v7e-m+fp/hard\libc_nano.a(libc_a-errno.o)
 .ARM.attributes
                0x0000000000000727       0x34 C:/ST/STM32CubeIDE_1.14.1/STM32CubeIDE/plugins/com.st.stm32cube.ide.mcu.externaltools.gnu-tools-for-stm32.11.3.rel1.win32_1.1.100.202309141235/tools/bin/../lib/gcc/arm-none-eabi/11.3.1/../../../../arm-none-eabi/lib/thumb/v7e-m+fp/hard\libc_nano.a(libc_a-init.o)
 .ARM.attributes
                0x000000000000075b       0x34 C:/ST/STM32CubeIDE_1.14.1/STM32CubeIDE/plugins/com.st.stm32cube.ide.mcu.externaltools.gnu-tools-for-stm32.11.3.rel1.win32_1.1.100.202309141235/tools/bin/../lib/gcc/arm-none-eabi/11.3.1/../../../../arm-none-eabi/lib/thumb/v7e-m+fp/hard\libc_nano.a(libc_a-lock.o)
 .ARM.attributes
                0x000000000000078f       0x34 C:/ST/STM32CubeIDE_1.14.1/STM32CubeIDE/plugins/com.st.stm32cube.ide.mcu.externaltools.gnu-tools-for-stm32.11.3.rel1.win32_1.1.100.202309141235/tools/bin/../lib/gcc/arm-none-eabi/11.3.1/../../../../arm-none-eabi/lib/thumb/v7e-m+fp/hard\libc_nano.a(libc_a-strcpy.o)
 .ARM.attributes
                0x00000000000007c3       0x34 C:/ST/STM32CubeIDE_1.14.1/STM32CubeIDE/plugins/com.st.stm32cube.ide.mcu.externaltools.gnu-tools-for-stm32.11.3.rel1.win32_1.1.100.202309141235/tools/bin/../lib/gcc/arm-none-eabi/11.3.1/../../../../arm-none-eabi/lib/thumb/v7e-m+fp/hard\libc_nano.a(libc_a-memcpy-stub.o)
 .ARM.attributes
                0x00000000000007f7       0x1e C:/ST/STM32CubeIDE_1.14.1/STM32CubeIDE/plugins/com.st.stm32cube.ide.mcu.externaltools.gnu-tools-for-stm32.11.3.rel1.win32_1.1.100.202309141235/tools/bin/../lib/gcc/arm-none-eabi/11.3.1/thumb/v7e-m+fp/hard\libgcc.a(_aeabi_uldivmod.o)
 .ARM.attributes
                0x0000000000000815       0x34 C:/ST/STM32CubeIDE_1.14.1/STM32CubeIDE/plugins/com.st.stm32cube.ide.mcu.externaltools.gnu-tools-for-stm32.11.3.rel1.win32_1.1.100.202309141235/tools/bin/../lib/gcc/arm-none-eabi/11.3.1/thumb/v7e-m+fp/hard\libgcc.a(_udivmoddi4.o)
 .ARM.attributes
                0x0000000000000849       0x1e C:/ST/STM32CubeIDE_1.14.1/STM32CubeIDE/plugins/com.st.stm32cube.ide.mcu.externaltools.gnu-tools-for-stm32.11.3.rel1.win32_1.1.100.202309141235/tools/bin/../lib/gcc/arm-none-eabi/11.3.1/thumb/v7e-m+fp/hard\libgcc.a(_dvmd_tls.o)
 .ARM.attributes
                0x0000000000000867       0x1e C:/ST/STM32CubeIDE_1.14.1/STM32CubeIDE/plugins/com.st.stm32cube.ide.mcu.externaltools.gnu-tools-for-stm32.11.3.rel1.win32_1.1.100.202309141235/tools/bin/../lib/gcc/arm-none-eabi/11.3.1/thumb/v7e-m+fp/hard/crtn.o
OUTPUT(LaserTest.elf elf32-littlearm)
LOAD linker stubs
LOAD C:/ST/STM32CubeIDE_1.14.1/STM32CubeIDE/plugins/com.st.stm32cube.ide.mcu.externaltools.gnu-tools-for-stm32.11.3.rel1.win32_1.1.100.202309141235/tools/bin/../lib/gcc/arm-none-eabi/11.3.1/../../../../arm-none-eabi/lib/thumb/v7e-m+fp/hard\libc.a
LOAD C:/ST/STM32CubeIDE_1.14.1/STM32CubeIDE/plugins/com.st.stm32cube.ide.mcu.externaltools.gnu-tools-for-stm32.11.3.rel1.win32_1.1.100.202309141235/tools/bin/../lib/gcc/arm-none-eabi/11.3.1/../../../../arm-none-eabi/lib/thumb/v7e-m+fp/hard\libm.a
LOAD C:/ST/STM32CubeIDE_1.14.1/STM32CubeIDE/plugins/com.st.stm32cube.ide.mcu.externaltools.gnu-tools-for-stm32.11.3.rel1.win32_1.1.100.202309141235/tools/bin/../lib/gcc/arm-none-eabi/11.3.1/thumb/v7e-m+fp/hard\libgcc.a

.comment        0x0000000000000000       0x43
 .comment       0x0000000000000000       0x43 C:/ST/STM32CubeIDE_1.14.1/STM32CubeIDE/plugins/com.st.stm32cube.ide.mcu.externaltools.gnu-tools-for-stm32.11.3.rel1.win32_1.1.100.202309141235/tools/bin/../lib/gcc/arm-none-eabi/11.3.1/thumb/v7e-m+fp/hard/crtbegin.o
                                         0x44 (size before relaxing)
 .comment       0x0000000000000043       0x44 ./Core/Src/gpio.o
 .comment       0x0000000000000043       0x44 ./Core/Src/i2c.o
 .comment       0x0000000000000043       0x44 ./Core/Src/main.o
 .comment       0x0000000000000043       0x44 ./Core/Src/stm32f4xx_hal_msp.o
 .comment       0x0000000000000043       0x44 ./Core/Src/stm32f4xx_hal_timebase_tim.o
 .comment       0x0000000000000043       0x44 ./Core/Src/stm32f4xx_it.o
 .comment       0x0000000000000043       0x44 ./Core/Src/sysmem.o
 .comment       0x0000000000000043       0x44 ./Core/Src/system_stm32f4xx.o
 .comment       0x0000000000000043       0x44 ./Drivers/STM32F4xx_HAL_Driver/Src/stm32f4xx_hal.o
 .comment       0x0000000000000043       0x44 ./Drivers/STM32F4xx_HAL_Driver/Src/stm32f4xx_hal_cortex.o
 .comment       0x0000000000000043       0x44 ./Drivers/STM32F4xx_HAL_Driver/Src/stm32f4xx_hal_gpio.o
 .comment       0x0000000000000043       0x44 ./Drivers/STM32F4xx_HAL_Driver/Src/stm32f4xx_hal_i2c.o
 .comment       0x0000000000000043       0x44 ./Drivers/STM32F4xx_HAL_Driver/Src/stm32f4xx_hal_i2c_ex.o
 .comment       0x0000000000000043       0x44 ./Drivers/STM32F4xx_HAL_Driver/Src/stm32f4xx_hal_rcc.o
 .comment       0x0000000000000043       0x44 ./Drivers/STM32F4xx_HAL_Driver/Src/stm32f4xx_hal_tim.o
 .comment       0x0000000000000043       0x44 ./Drivers/STM32F4xx_HAL_Driver/Src/stm32f4xx_hal_tim_ex.o
 .comment       0x0000000000000043       0x44 G:/DEV/STM32/LaserTest/compiledVL53/libvl53l0x.a(vl53l0xHandlerClass.o)
 .comment       0x0000000000000043       0x44 G:/DEV/STM32/LaserTest/compiledVL53/libvl53l0x.a(vl53l0x_api.o)
 .comment       0x0000000000000043       0x44 G:/DEV/STM32/LaserTest/compiledVL53/libvl53l0x.a(vl53l0x_api_calibration.o)
 .comment       0x0000000000000043       0x44 G:/DEV/STM32/LaserTest/compiledVL53/libvl53l0x.a(vl53l0x_api_core.o)
 .comment       0x0000000000000043       0x44 G:/DEV/STM32/LaserTest/compiledVL53/libvl53l0x.a(vl53l0x_platform.o)
 .comment       0x0000000000000043       0x44 G:/DEV/STM32/LaserTest/compiledVL53/libvl53l0x.a(vl53l0x.o)
 .comment       0x0000000000000043       0x44 G:/DEV/STM32/LaserTest/compiledVL53/libvl53l0x.a(vl53l0x_i2c_platform.o)

.debug_info     0x0000000000000000    0x16fdd
 .debug_info    0x0000000000000000      0x519 ./Core/Src/gpio.o
 .debug_info    0x0000000000000519      0x70d ./Core/Src/i2c.o
 .debug_info    0x0000000000000c26      0xd05 ./Core/Src/main.o
 .debug_info    0x000000000000192b      0xa03 ./Core/Src/stm32f4xx_hal_msp.o
 .debug_info    0x000000000000232e      0xc9d ./Core/Src/stm32f4xx_hal_timebase_tim.o
 .debug_info    0x0000000000002fcb      0x72e ./Core/Src/stm32f4xx_it.o
 .debug_info    0x00000000000036f9      0x171 ./Core/Src/sysmem.o
 .debug_info    0x000000000000386a      0x53f ./Core/Src/system_stm32f4xx.o
 .debug_info    0x0000000000003da9       0x22 ./Core/Startup/startup_stm32f429zitx.o
 .debug_info    0x0000000000003dcb      0x9f4 ./Drivers/STM32F4xx_HAL_Driver/Src/stm32f4xx_hal.o
 .debug_info    0x00000000000047bf      0xe64 ./Drivers/STM32F4xx_HAL_Driver/Src/stm32f4xx_hal_cortex.o
 .debug_info    0x0000000000005623      0x786 ./Drivers/STM32F4xx_HAL_Driver/Src/stm32f4xx_hal_gpio.o
 .debug_info    0x0000000000005da9     0x264f ./Drivers/STM32F4xx_HAL_Driver/Src/stm32f4xx_hal_i2c.o
 .debug_info    0x00000000000083f8      0x6b6 ./Drivers/STM32F4xx_HAL_Driver/Src/stm32f4xx_hal_i2c_ex.o
 .debug_info    0x0000000000008aae      0x982 ./Drivers/STM32F4xx_HAL_Driver/Src/stm32f4xx_hal_rcc.o
 .debug_info    0x0000000000009430     0x2c17 ./Drivers/STM32F4xx_HAL_Driver/Src/stm32f4xx_hal_tim.o
 .debug_info    0x000000000000c047     0x160f ./Drivers/STM32F4xx_HAL_Driver/Src/stm32f4xx_hal_tim_ex.o
 .debug_info    0x000000000000d656      0xade G:/DEV/STM32/LaserTest/compiledVL53/libvl53l0x.a(vl53l0xHandlerClass.o)
 .debug_info    0x000000000000e134     0x3269 G:/DEV/STM32/LaserTest/compiledVL53/libvl53l0x.a(vl53l0x_api.o)
 .debug_info    0x000000000001139d     0x18d6 G:/DEV/STM32/LaserTest/compiledVL53/libvl53l0x.a(vl53l0x_api_calibration.o)
 .debug_info    0x0000000000012c73     0x1d7e G:/DEV/STM32/LaserTest/compiledVL53/libvl53l0x.a(vl53l0x_api_core.o)
 .debug_info    0x00000000000149f1      0xd16 G:/DEV/STM32/LaserTest/compiledVL53/libvl53l0x.a(vl53l0x_platform.o)
 .debug_info    0x0000000000015707      0xb33 G:/DEV/STM32/LaserTest/compiledVL53/libvl53l0x.a(vl53l0x.o)
 .debug_info    0x000000000001623a      0xda3 G:/DEV/STM32/LaserTest/compiledVL53/libvl53l0x.a(vl53l0x_i2c_platform.o)

.debug_abbrev   0x0000000000000000     0x2e49
 .debug_abbrev  0x0000000000000000      0x146 ./Core/Src/gpio.o
 .debug_abbrev  0x0000000000000146      0x18c ./Core/Src/i2c.o
 .debug_abbrev  0x00000000000002d2      0x26f ./Core/Src/main.o
 .debug_abbrev  0x0000000000000541      0x194 ./Core/Src/stm32f4xx_hal_msp.o
 .debug_abbrev  0x00000000000006d5      0x1e6 ./Core/Src/stm32f4xx_hal_timebase_tim.o
 .debug_abbrev  0x00000000000008bb      0x171 ./Core/Src/stm32f4xx_it.o
 .debug_abbrev  0x0000000000000a2c       0xbb ./Core/Src/sysmem.o
 .debug_abbrev  0x0000000000000ae7      0x116 ./Core/Src/system_stm32f4xx.o
 .debug_abbrev  0x0000000000000bfd       0x12 ./Core/Startup/startup_stm32f429zitx.o
 .debug_abbrev  0x0000000000000c0f      0x20d ./Drivers/STM32F4xx_HAL_Driver/Src/stm32f4xx_hal.o
 .debug_abbrev  0x0000000000000e1c      0x316 ./Drivers/STM32F4xx_HAL_Driver/Src/stm32f4xx_hal_cortex.o
 .debug_abbrev  0x0000000000001132      0x1c4 ./Drivers/STM32F4xx_HAL_Driver/Src/stm32f4xx_hal_gpio.o
 .debug_abbrev  0x00000000000012f6      0x297 ./Drivers/STM32F4xx_HAL_Driver/Src/stm32f4xx_hal_i2c.o
 .debug_abbrev  0x000000000000158d      0x14c ./Drivers/STM32F4xx_HAL_Driver/Src/stm32f4xx_hal_i2c_ex.o
 .debug_abbrev  0x00000000000016d9      0x2aa ./Drivers/STM32F4xx_HAL_Driver/Src/stm32f4xx_hal_rcc.o
 .debug_abbrev  0x0000000000001983      0x264 ./Drivers/STM32F4xx_HAL_Driver/Src/stm32f4xx_hal_tim.o
 .debug_abbrev  0x0000000000001be7      0x26c ./Drivers/STM32F4xx_HAL_Driver/Src/stm32f4xx_hal_tim_ex.o
 .debug_abbrev  0x0000000000001e53      0x2c2 G:/DEV/STM32/LaserTest/compiledVL53/libvl53l0x.a(vl53l0xHandlerClass.o)
 .debug_abbrev  0x0000000000002115      0x232 G:/DEV/STM32/LaserTest/compiledVL53/libvl53l0x.a(vl53l0x_api.o)
 .debug_abbrev  0x0000000000002347      0x25b G:/DEV/STM32/LaserTest/compiledVL53/libvl53l0x.a(vl53l0x_api_calibration.o)
 .debug_abbrev  0x00000000000025a2      0x23e G:/DEV/STM32/LaserTest/compiledVL53/libvl53l0x.a(vl53l0x_api_core.o)
 .debug_abbrev  0x00000000000027e0      0x1fe G:/DEV/STM32/LaserTest/compiledVL53/libvl53l0x.a(vl53l0x_platform.o)
 .debug_abbrev  0x00000000000029de      0x1e2 G:/DEV/STM32/LaserTest/compiledVL53/libvl53l0x.a(vl53l0x.o)
 .debug_abbrev  0x0000000000002bc0      0x289 G:/DEV/STM32/LaserTest/compiledVL53/libvl53l0x.a(vl53l0x_i2c_platform.o)

.debug_aranges  0x0000000000000000     0x13a8
 .debug_aranges
                0x0000000000000000       0x20 ./Core/Src/gpio.o
 .debug_aranges
                0x0000000000000020       0x20 ./Core/Src/i2c.o
 .debug_aranges
                0x0000000000000040       0x38 ./Core/Src/main.o
 .debug_aranges
                0x0000000000000078       0x30 ./Core/Src/stm32f4xx_hal_msp.o
 .debug_aranges
                0x00000000000000a8       0x30 ./Core/Src/stm32f4xx_hal_timebase_tim.o
 .debug_aranges
                0x00000000000000d8       0x68 ./Core/Src/stm32f4xx_it.o
 .debug_aranges
                0x0000000000000140       0x20 ./Core/Src/sysmem.o
 .debug_aranges
                0x0000000000000160       0x28 ./Core/Src/system_stm32f4xx.o
 .debug_aranges
                0x0000000000000188       0x28 ./Core/Startup/startup_stm32f429zitx.o
 .debug_aranges
                0x00000000000001b0      0x100 ./Drivers/STM32F4xx_HAL_Driver/Src/stm32f4xx_hal.o
 .debug_aranges
                0x00000000000002b0      0x120 ./Drivers/STM32F4xx_HAL_Driver/Src/stm32f4xx_hal_cortex.o
 .debug_aranges
                0x00000000000003d0       0x58 ./Drivers/STM32F4xx_HAL_Driver/Src/stm32f4xx_hal_gpio.o
 .debug_aranges
                0x0000000000000428      0x2a8 ./Drivers/STM32F4xx_HAL_Driver/Src/stm32f4xx_hal_i2c.o
 .debug_aranges
                0x00000000000006d0       0x28 ./Drivers/STM32F4xx_HAL_Driver/Src/stm32f4xx_hal_i2c_ex.o
 .debug_aranges
                0x00000000000006f8       0x88 ./Drivers/STM32F4xx_HAL_Driver/Src/stm32f4xx_hal_rcc.o
 .debug_aranges
                0x0000000000000780      0x3d0 ./Drivers/STM32F4xx_HAL_Driver/Src/stm32f4xx_hal_tim.o
 .debug_aranges
                0x0000000000000b50      0x168 ./Drivers/STM32F4xx_HAL_Driver/Src/stm32f4xx_hal_tim_ex.o
 .debug_aranges
                0x0000000000000cb8       0x88 G:/DEV/STM32/LaserTest/compiledVL53/libvl53l0x.a(vl53l0xHandlerClass.o)
 .debug_aranges
                0x0000000000000d40      0x330 G:/DEV/STM32/LaserTest/compiledVL53/libvl53l0x.a(vl53l0x_api.o)
 .debug_aranges
                0x0000000000001070       0xd0 G:/DEV/STM32/LaserTest/compiledVL53/libvl53l0x.a(vl53l0x_api_calibration.o)
 .debug_aranges
                0x0000000000001140       0xe0 G:/DEV/STM32/LaserTest/compiledVL53/libvl53l0x.a(vl53l0x_api_core.o)
 .debug_aranges
                0x0000000000001220       0x78 G:/DEV/STM32/LaserTest/compiledVL53/libvl53l0x.a(vl53l0x_platform.o)
 .debug_aranges
                0x0000000000001298       0x58 G:/DEV/STM32/LaserTest/compiledVL53/libvl53l0x.a(vl53l0x.o)
 .debug_aranges
                0x00000000000012f0       0xb8 G:/DEV/STM32/LaserTest/compiledVL53/libvl53l0x.a(vl53l0x_i2c_platform.o)

.debug_ranges   0x0000000000000000     0x1248
 .debug_ranges  0x0000000000000000       0x10 ./Core/Src/gpio.o
 .debug_ranges  0x0000000000000010       0x10 ./Core/Src/i2c.o
 .debug_ranges  0x0000000000000020       0x28 ./Core/Src/main.o
 .debug_ranges  0x0000000000000048       0x20 ./Core/Src/stm32f4xx_hal_msp.o
 .debug_ranges  0x0000000000000068       0x20 ./Core/Src/stm32f4xx_hal_timebase_tim.o
 .debug_ranges  0x0000000000000088       0x58 ./Core/Src/stm32f4xx_it.o
 .debug_ranges  0x00000000000000e0       0x10 ./Core/Src/sysmem.o
 .debug_ranges  0x00000000000000f0       0x18 ./Core/Src/system_stm32f4xx.o
 .debug_ranges  0x0000000000000108       0x20 ./Core/Startup/startup_stm32f429zitx.o
 .debug_ranges  0x0000000000000128       0xf0 ./Drivers/STM32F4xx_HAL_Driver/Src/stm32f4xx_hal.o
 .debug_ranges  0x0000000000000218      0x110 ./Drivers/STM32F4xx_HAL_Driver/Src/stm32f4xx_hal_cortex.o
 .debug_ranges  0x0000000000000328       0x48 ./Drivers/STM32F4xx_HAL_Driver/Src/stm32f4xx_hal_gpio.o
 .debug_ranges  0x0000000000000370      0x2b0 ./Drivers/STM32F4xx_HAL_Driver/Src/stm32f4xx_hal_i2c.o
 .debug_ranges  0x0000000000000620       0x18 ./Drivers/STM32F4xx_HAL_Driver/Src/stm32f4xx_hal_i2c_ex.o
 .debug_ranges  0x0000000000000638       0x78 ./Drivers/STM32F4xx_HAL_Driver/Src/stm32f4xx_hal_rcc.o
 .debug_ranges  0x00000000000006b0      0x3c0 ./Drivers/STM32F4xx_HAL_Driver/Src/stm32f4xx_hal_tim.o
 .debug_ranges  0x0000000000000a70      0x158 ./Drivers/STM32F4xx_HAL_Driver/Src/stm32f4xx_hal_tim_ex.o
 .debug_ranges  0x0000000000000bc8       0x78 G:/DEV/STM32/LaserTest/compiledVL53/libvl53l0x.a(vl53l0xHandlerClass.o)
 .debug_ranges  0x0000000000000c40      0x320 G:/DEV/STM32/LaserTest/compiledVL53/libvl53l0x.a(vl53l0x_api.o)
 .debug_ranges  0x0000000000000f60       0xc0 G:/DEV/STM32/LaserTest/compiledVL53/libvl53l0x.a(vl53l0x_api_calibration.o)
 .debug_ranges  0x0000000000001020       0xd0 G:/DEV/STM32/LaserTest/compiledVL53/libvl53l0x.a(vl53l0x_api_core.o)
 .debug_ranges  0x00000000000010f0       0x68 G:/DEV/STM32/LaserTest/compiledVL53/libvl53l0x.a(vl53l0x_platform.o)
 .debug_ranges  0x0000000000001158       0x48 G:/DEV/STM32/LaserTest/compiledVL53/libvl53l0x.a(vl53l0x.o)
 .debug_ranges  0x00000000000011a0       0xa8 G:/DEV/STM32/LaserTest/compiledVL53/libvl53l0x.a(vl53l0x_i2c_platform.o)

.debug_macro    0x0000000000000000    0x2cc00
 .debug_macro   0x0000000000000000      0x1f0 ./Core/Src/gpio.o
 .debug_macro   0x00000000000001f0      0xaa8 ./Core/Src/gpio.o
 .debug_macro   0x0000000000000c98      0x29b ./Core/Src/gpio.o
 .debug_macro   0x0000000000000f33       0x2e ./Core/Src/gpio.o
 .debug_macro   0x0000000000000f61       0x28 ./Core/Src/gpio.o
 .debug_macro   0x0000000000000f89       0x22 ./Core/Src/gpio.o
 .debug_macro   0x0000000000000fab       0x8e ./Core/Src/gpio.o
 .debug_macro   0x0000000000001039       0x51 ./Core/Src/gpio.o
 .debug_macro   0x000000000000108a      0x103 ./Core/Src/gpio.o
 .debug_macro   0x000000000000118d       0x6a ./Core/Src/gpio.o
 .debug_macro   0x00000000000011f7      0x1df ./Core/Src/gpio.o
 .debug_macro   0x00000000000013d6       0x1c ./Core/Src/gpio.o
 .debug_macro   0x00000000000013f2       0x22 ./Core/Src/gpio.o
 .debug_macro   0x0000000000001414       0xfb ./Core/Src/gpio.o
 .debug_macro   0x000000000000150f     0x1011 ./Core/Src/gpio.o
 .debug_macro   0x0000000000002520      0x11f ./Core/Src/gpio.o
 .debug_macro   0x000000000000263f    0x17fd8 ./Core/Src/gpio.o
 .debug_macro   0x000000000001a617       0x6d ./Core/Src/gpio.o
 .debug_macro   0x000000000001a684     0x3703 ./Core/Src/gpio.o
 .debug_macro   0x000000000001dd87      0x174 ./Core/Src/gpio.o
 .debug_macro   0x000000000001defb       0x5c ./Core/Src/gpio.o
 .debug_macro   0x000000000001df57      0xcba ./Core/Src/gpio.o
 .debug_macro   0x000000000001ec11      0x9e9 ./Core/Src/gpio.o
 .debug_macro   0x000000000001f5fa      0x115 ./Core/Src/gpio.o
 .debug_macro   0x000000000001f70f      0x156 ./Core/Src/gpio.o
 .debug_macro   0x000000000001f865       0xa5 ./Core/Src/gpio.o
 .debug_macro   0x000000000001f90a      0x182 ./Core/Src/gpio.o
 .debug_macro   0x000000000001fa8c      0x287 ./Core/Src/gpio.o
 .debug_macro   0x000000000001fd13       0x5f ./Core/Src/gpio.o
 .debug_macro   0x000000000001fd72      0x236 ./Core/Src/gpio.o
 .debug_macro   0x000000000001ffa8      0x132 ./Core/Src/gpio.o
 .debug_macro   0x00000000000200da      0x41d ./Core/Src/gpio.o
 .debug_macro   0x00000000000204f7       0x2e ./Core/Src/gpio.o
 .debug_macro   0x0000000000020525      0x1b5 ./Core/Src/gpio.o
 .debug_macro   0x00000000000206da       0x22 ./Core/Src/gpio.o
 .debug_macro   0x00000000000206fc       0xd6 ./Core/Src/gpio.o
 .debug_macro   0x00000000000207d2      0x127 ./Core/Src/gpio.o
 .debug_macro   0x00000000000208f9       0xe2 ./Core/Src/gpio.o
 .debug_macro   0x00000000000209db       0x89 ./Core/Src/gpio.o
 .debug_macro   0x0000000000020a64      0x8ed ./Core/Src/gpio.o
 .debug_macro   0x0000000000021351       0x4d ./Core/Src/gpio.o
 .debug_macro   0x000000000002139e      0x134 ./Core/Src/gpio.o
 .debug_macro   0x00000000000214d2      0x4a4 ./Core/Src/gpio.o
 .debug_macro   0x0000000000021976      0x1e7 ./Core/Src/i2c.o
 .debug_macro   0x0000000000021b5d      0x3a4 ./Core/Src/main.o
 .debug_macro   0x0000000000021f01      0x49e ./Core/Src/main.o
 .debug_macro   0x000000000002239f       0x9a ./Core/Src/main.o
 .debug_macro   0x0000000000022439      0x29c ./Core/Src/main.o
 .debug_macro   0x00000000000226d5      0x203 ./Core/Src/main.o
 .debug_macro   0x00000000000228d8       0x61 ./Core/Src/main.o
 .debug_macro   0x0000000000022939       0x2a ./Core/Src/main.o
 .debug_macro   0x0000000000022963       0x43 ./Core/Src/main.o
 .debug_macro   0x00000000000229a6       0x34 ./Core/Src/main.o
 .debug_macro   0x00000000000229da       0x16 ./Core/Src/main.o
 .debug_macro   0x00000000000229f0       0x35 ./Core/Src/main.o
 .debug_macro   0x0000000000022a25      0x369 ./Core/Src/main.o
 .debug_macro   0x0000000000022d8e       0x10 ./Core/Src/main.o
 .debug_macro   0x0000000000022d9e       0x16 ./Core/Src/main.o
 .debug_macro   0x0000000000022db4       0x43 ./Core/Src/main.o
 .debug_macro   0x0000000000022df7       0x34 ./Core/Src/main.o
 .debug_macro   0x0000000000022e2b       0x10 ./Core/Src/main.o
 .debug_macro   0x0000000000022e3b       0x58 ./Core/Src/main.o
 .debug_macro   0x0000000000022e93       0x8e ./Core/Src/main.o
 .debug_macro   0x0000000000022f21       0x1c ./Core/Src/main.o
 .debug_macro   0x0000000000022f3d      0x177 ./Core/Src/main.o
 .debug_macro   0x00000000000230b4       0x16 ./Core/Src/main.o
 .debug_macro   0x00000000000230ca       0x16 ./Core/Src/main.o
 .debug_macro   0x00000000000230e0      0x147 ./Core/Src/main.o
 .debug_macro   0x0000000000023227       0x16 ./Core/Src/main.o
 .debug_macro   0x000000000002323d       0x20 ./Core/Src/main.o
 .debug_macro   0x000000000002325d       0x22 ./Core/Src/main.o
 .debug_macro   0x000000000002327f       0x4c ./Core/Src/main.o
 .debug_macro   0x00000000000232cb       0x28 ./Core/Src/main.o
 .debug_macro   0x00000000000232f3       0x10 ./Core/Src/main.o
 .debug_macro   0x0000000000023303      0x1d2 ./Core/Src/main.o
 .debug_macro   0x00000000000234d5      0x1ec ./Core/Src/stm32f4xx_hal_msp.o
 .debug_macro   0x00000000000236c1      0x1dd ./Core/Src/stm32f4xx_hal_timebase_tim.o
 .debug_macro   0x000000000002389e      0x1f6 ./Core/Src/stm32f4xx_it.o
 .debug_macro   0x0000000000023a94       0xff ./Core/Src/sysmem.o
 .debug_macro   0x0000000000023b93      0x23c ./Core/Src/sysmem.o
 .debug_macro   0x0000000000023dcf      0x1dd ./Core/Src/system_stm32f4xx.o
 .debug_macro   0x0000000000023fac      0x23d ./Drivers/STM32F4xx_HAL_Driver/Src/stm32f4xx_hal.o
 .debug_macro   0x00000000000241e9      0x1dd ./Drivers/STM32F4xx_HAL_Driver/Src/stm32f4xx_hal_cortex.o
 .debug_macro   0x00000000000243c6      0x1e3 ./Drivers/STM32F4xx_HAL_Driver/Src/stm32f4xx_hal_gpio.o
 .debug_macro   0x00000000000245a9      0x22b ./Drivers/STM32F4xx_HAL_Driver/Src/stm32f4xx_hal_i2c.o
 .debug_macro   0x00000000000247d4      0x1dd ./Drivers/STM32F4xx_HAL_Driver/Src/stm32f4xx_hal_i2c_ex.o
 .debug_macro   0x00000000000249b1      0x201 ./Drivers/STM32F4xx_HAL_Driver/Src/stm32f4xx_hal_rcc.o